Archive member included to satisfy reference by file (symbol)

app/libapp.a(main.c.obj)      (--whole-archive)
zephyr/libzephyr.a(cbprintf.c.obj)
                              (--whole-archive)
zephyr/libzephyr.a(cbprintf_packaged.c.obj)
                              (--whole-archive)
zephyr/libzephyr.a(crc32c_sw.c.obj)
                              (--whole-archive)
zephyr/libzephyr.a(crc32_sw.c.obj)
                              (--whole-archive)
zephyr/libzephyr.a(crc16_sw.c.obj)
                              (--whole-archive)
zephyr/libzephyr.a(crc8_sw.c.obj)
                              (--whole-archive)
zephyr/libzephyr.a(crc7_sw.c.obj)
                              (--whole-archive)
zephyr/libzephyr.a(dec.c.obj)
                              (--whole-archive)
zephyr/libzephyr.a(fdtable.c.obj)
                              (--whole-archive)
zephyr/libzephyr.a(hex.c.obj)
                              (--whole-archive)
zephyr/libzephyr.a(notify.c.obj)
                              (--whole-archive)
zephyr/libzephyr.a(printk.c.obj)
                              (--whole-archive)
zephyr/libzephyr.a(onoff.c.obj)
                              (--whole-archive)
zephyr/libzephyr.a(rb.c.obj)  (--whole-archive)
zephyr/libzephyr.a(sem.c.obj)
                              (--whole-archive)
zephyr/libzephyr.a(thread_entry.c.obj)
                              (--whole-archive)
zephyr/libzephyr.a(timeutil.c.obj)
                              (--whole-archive)
zephyr/libzephyr.a(heap.c.obj)
                              (--whole-archive)
zephyr/libzephyr.a(heap-validate.c.obj)
                              (--whole-archive)
zephyr/libzephyr.a(bitarray.c.obj)
                              (--whole-archive)
zephyr/libzephyr.a(multi_heap.c.obj)
                              (--whole-archive)
zephyr/libzephyr.a(cbprintf_complete.c.obj)
                              (--whole-archive)
zephyr/libzephyr.a(assert.c.obj)
                              (--whole-archive)
zephyr/libzephyr.a(reboot.c.obj)
                              (--whole-archive)
zephyr/libzephyr.a(configs.c.obj)
                              (--whole-archive)
zephyr/libzephyr.a(soc.c.obj)
                              (--whole-archive)
zephyr/libzephyr.a(power.c.obj)
                              (--whole-archive)
zephyr/libzephyr.a(soc_nrf_common.S.obj)
                              (--whole-archive)
zephyr/libzephyr.a(validate_base_addresses.c.obj)
                              (--whole-archive)
zephyr/libzephyr.a(validate_enabled_instances.c.obj)
                              (--whole-archive)
zephyr/libzephyr.a(thread_info.c.obj)
                              (--whole-archive)
zephyr/libzephyr.a(pm.c.obj)  (--whole-archive)
zephyr/libzephyr.a(policy.c.obj)
                              (--whole-archive)
zephyr/libzephyr.a(state.c.obj)
                              (--whole-archive)
zephyr/libzephyr.a(tracing_none.c.obj)
                              (--whole-archive)
zephyr/libzephyr.a(nrf_cc3xx_platform_abort_zephyr.c.obj)
                              (--whole-archive)
zephyr/libzephyr.a(nrf_cc3xx_platform_mutex_zephyr.c.obj)
                              (--whole-archive)
zephyr/arch/common/libarch__common.a(sw_isr_common.c.obj)
                              (--whole-archive)
zephyr/arch/arch/arm/core/aarch32/libarch__arm__core__aarch32.a(cpu_idle.S.obj)
                              (--whole-archive)
zephyr/arch/arch/arm/core/aarch32/libarch__arm__core__aarch32.a(fatal.c.obj)
                              (--whole-archive)
zephyr/arch/arch/arm/core/aarch32/libarch__arm__core__aarch32.a(irq_manage.c.obj)
                              (--whole-archive)
zephyr/arch/arch/arm/core/aarch32/libarch__arm__core__aarch32.a(nmi.c.obj)
                              (--whole-archive)
zephyr/arch/arch/arm/core/aarch32/libarch__arm__core__aarch32.a(nmi_on_reset.S.obj)
                              (--whole-archive)
zephyr/arch/arch/arm/core/aarch32/libarch__arm__core__aarch32.a(prep_c.c.obj)
                              (--whole-archive)
zephyr/arch/arch/arm/core/aarch32/libarch__arm__core__aarch32.a(swap.c.obj)
                              (--whole-archive)
zephyr/arch/arch/arm/core/aarch32/libarch__arm__core__aarch32.a(swap_helper.S.obj)
                              (--whole-archive)
zephyr/arch/arch/arm/core/aarch32/libarch__arm__core__aarch32.a(thread.c.obj)
                              (--whole-archive)
zephyr/arch/arch/arm/core/aarch32/libarch__arm__core__aarch32.a(isr_wrapper.S.obj)
                              (--whole-archive)
zephyr/arch/arch/arm/core/aarch32/cortex_m/libarch__arm__core__aarch32__cortex_m.a(exc_exit.S.obj)
                              (--whole-archive)
zephyr/arch/arch/arm/core/aarch32/cortex_m/libarch__arm__core__aarch32__cortex_m.a(fault.c.obj)
                              (--whole-archive)
zephyr/arch/arch/arm/core/aarch32/cortex_m/libarch__arm__core__aarch32__cortex_m.a(fault_s.S.obj)
[...]
Memory Configuration

Name             Origin             Length             Attributes
FLASH            0x0000000000000000 0x0000000000100000 xr
SRAM             0x0000000020000000 0x0000000000070000 xw
IDT_LIST         0x00000000fffff7ff 0x0000000000000800 xw
*default*        0x0000000000000000 0xffffffffffffffff

Linker script and memory map

LOAD zephyr/CMakeFiles/zephyr_pre0.dir/misc/empty_file.c.obj
                0x0000000000000020                _region_min_align = 0x20

.rel.plt        0x0000000000000000        0x0
 *(SORT_BY_ALIGNMENT(.rel.plt))
                [!provide]                        PROVIDE (__rel_iplt_start = .)
 *(SORT_BY_ALIGNMENT(.rel.iplt))
 .rel.iplt      0x0000000000000000        0x0 app/libapp.a(main.c.obj)
                [!provide]                        PROVIDE (__rel_iplt_end = .)

.rela.plt       0x0000000000000000        0x0
 *(SORT_BY_ALIGNMENT(.rela.plt))
                [!provide]                        PROVIDE (__rela_iplt_start = .)
 *(SORT_BY_ALIGNMENT(.rela.iplt))
                [!provide]                        PROVIDE (__rela_iplt_end = .)

.rel.dyn
 *(SORT_BY_ALIGNMENT(.rel.*))

.rela.dyn
 *(SORT_BY_ALIGNMENT(.rela.*))

/DISCARD/
 *(SORT_BY_ALIGNMENT(.plt))
 *(SORT_BY_ALIGNMENT(.iplt))
 *(SORT_BY_ALIGNMENT(.got.plt))
 *(SORT_BY_ALIGNMENT(.igot.plt))
 *(SORT_BY_ALIGNMENT(.got))
 *(SORT_BY_ALIGNMENT(.igot))
 *(SORT_BY_ALIGNMENT(.note.GNU-stack))
                0x0000000000000000                __rom_region_start = 0x0

rom_start       0x0000000000000000      0x154
                0x0000000000000000                . = 0x0
                0x0000000000000000                . = ALIGN (0x4)
                0x0000000000000000                . = ALIGN (0x80)
                0x0000000000000000                . = ALIGN (0x200)
                0x0000000000000000                _vector_start = .
 *(SORT_BY_ALIGNMENT(.exc_vector_table))
 *(SORT_BY_ALIGNMENT(.exc_vector_table.*))
 .exc_vector_table._vector_table_section
                0x0000000000000000       0x40 zephyr/arch/arch/arm/core/aarch32/cortex_m/libarch__arm__core__aarch32__cortex_m.a(vector_table.S.obj)
                0x0000000000000000                _vector_table
 *(SORT_BY_ALIGNMENT(.gnu.linkonce.irq_vector_table*))
 .gnu.linkonce.irq_vector_table
                0x0000000000000040      0x114 zephyr/arch/common/libisr_tables.a(isr_tables.c.obj)
                0x0000000000000040                _irq_vector_table
 *(SORT_BY_ALIGNMENT(.vectors))
                0x0000000000000154                _vector_end = .

text            0x0000000000000154     0x6590
                0x0000000000000154                __text_region_start = .
 *(SORT_BY_ALIGNMENT(.text))
 .text          0x0000000000000154       0x30 c:/ncs/toolchains/v2.0.2/opt/zephyr-sdk/arm-zephyr-eabi/bin/../lib/gcc/arm-zephyr-eabi/10.3.0/thumb/v8-m.main/nofp\libgcc.a(_aeabi_uldivmod.o)
                0x0000000000000154                __aeabi_uldivmod
 .text          0x0000000000000184        0x4 c:/ncs/toolchains/v2.0.2/opt/zephyr-sdk/arm-zephyr-eabi/bin/../lib/gcc/arm-zephyr-eabi/10.3.0/thumb/v8-m.main/nofp\libgcc.a(_dvmd_tls.o)
                0x0000000000000184                __aeabi_idiv0
                0x0000000000000184                __aeabi_ldiv0
 .text          0x0000000000000188      0x2a2 c:/ncs/toolchains/v2.0.2/opt/zephyr-sdk/arm-zephyr-eabi/bin/../lib/gcc/arm-zephyr-eabi/10.3.0/thumb/v8-m.main/nofp\libgcc.a(_udivmoddi4.o)
                0x0000000000000188                __udivmoddi4
 *(SORT_BY_ALIGNMENT(.text.*))
 *fill*         0x000000000000042a        0x2 
 .text.main     0x000000000000042c       0x4c app/libapp.a(main.c.obj)
                0x000000000000042c                main
 .text.char_out
                0x0000000000000478       0x14 zephyr/libzephyr.a(printk.c.obj)
 .text.__printk_hook_install
                0x000000000000048c        0xc zephyr/libzephyr.a(printk.c.obj)
                0x000000000000048c                __printk_hook_install
 .text.vprintk  0x0000000000000498       0x20 zephyr/libzephyr.a(printk.c.obj)
                0x0000000000000498                vprintk
 .text.process_event
                0x00000000000004b8      0x158 zephyr/libzephyr.a(onoff.c.obj)
 .text.extract_conversion
                0x0000000000000610      0x314 zephyr/libzephyr.a(cbprintf_complete.c.obj)
 .text.cbvprintf
                0x0000000000000924      0x5d0 zephyr/libzephyr.a(cbprintf_complete.c.obj)
                0x0000000000000924                cbvprintf
 .text.sys_reboot
                0x0000000000000ef4       0x28 zephyr/libzephyr.a(reboot.c.obj)
                0x0000000000000ef4                sys_reboot
 .text.nordicsemi_nrf53_init
                0x0000000000000f1c       0x68 zephyr/libzephyr.a(soc.c.obj)
 .text.arch_busy_wait
                0x0000000000000f84       0x30 zephyr/libzephyr.a(soc.c.obj)
                0x0000000000000f84                arch_busy_wait
 .text.pm_state_set
                0x0000000000000fb4       0x1c zephyr/libzephyr.a(power.c.obj)
                0x0000000000000fb4                pm_state_set
 .text.pm_system_resume
                0x0000000000000fd0       0xb8 zephyr/libzephyr.a(pm.c.obj)
                0x0000000000000fd0                pm_system_resume
 .text.pm_system_suspend
                0x0000000000001088      0x168 zephyr/libzephyr.a(pm.c.obj)
                0x0000000000001088                pm_system_suspend
 .text.pm_policy_state_lock_is_active
                0x00000000000011f0       0x18 zephyr/libzephyr.a(policy.c.obj)
                0x00000000000011f0                pm_policy_state_lock_is_active
 .text.pm_policy_next_state
                0x0000000000001208       0x94 zephyr/libzephyr.a(policy.c.obj)
                0x0000000000001208                pm_policy_next_state
 .text.pm_state_cpu_get_all
                0x000000000000129c       0x10 zephyr/libzephyr.a(state.c.obj)
                0x000000000000129c                pm_state_cpu_get_all
 .text.nrf_cc3xx_platform_abort_init
                0x00000000000012ac       0x10 zephyr/libzephyr.a(nrf_cc3xx_platform_abort_zephyr.c.obj)
                0x00000000000012ac                nrf_cc3xx_platform_abort_init
 .text.mutex_unlock_platform
                0x00000000000012bc       0x60 zephyr/libzephyr.a(nrf_cc3xx_platform_mutex_zephyr.c.obj)
 .text.mutex_lock_platform
                0x000000000000131c       0x74 zephyr/libzephyr.a(nrf_cc3xx_platform_mutex_zephyr.c.obj)
 .text.mutex_free_platform
                0x0000000000001390       0x4c zephyr/libzephyr.a(nrf_cc3xx_platform_mutex_zephyr.c.obj)
 .text.mutex_init_platform
                0x00000000000013dc       0x74 zephyr/libzephyr.a(nrf_cc3xx_platform_mutex_zephyr.c.obj)
 .text.nrf_cc3xx_platform_mutex_init
                0x0000000000001450       0x28 zephyr/libzephyr.a(nrf_cc3xx_platform_mutex_zephyr.c.obj)
                0x0000000000001450                nrf_cc3xx_platform_mutex_init
 .text.z_arm_cpu_idle_init
                0x0000000000001478        0xc zephyr/arch/arch/arm/core/aarch32/libarch__arm__core__aarch32.a(cpu_idle.S.obj)
                0x0000000000001478                z_arm_cpu_idle_init
 .text.arch_cpu_idle
                0x0000000000001484       0x1c zephyr/arch/arch/arm/core/aarch32/libarch__arm__core__aarch32.a(cpu_idle.S.obj)
                0x0000000000001484                arch_cpu_idle
 .text.arch_cpu_atomic_idle
                0x00000000000014a0       0x14 zephyr/arch/arch/arm/core/aarch32/libarch__arm__core__aarch32.a(cpu_idle.S.obj)
                0x00000000000014a0                arch_cpu_atomic_idle
 .text.arch_irq_enable
                0x00000000000014b4       0x1c zephyr/arch/arch/arm/core/aarch32/libarch__arm__core__aarch32.a(irq_manage.c.obj)
                0x00000000000014b4                arch_irq_enable
 .text.arch_irq_is_enabled
                0x00000000000014d0       0x1c zephyr/arch/arch/arm/core/aarch32/libarch__arm__core__aarch32.a(irq_manage.c.obj)
                0x00000000000014d0                arch_irq_is_enabled
 .text.z_arm_irq_priority_set
                0x00000000000014ec       0x2c zephyr/arch/arch/arm/core/aarch32/libarch__arm__core__aarch32.a(irq_manage.c.obj)
                0x00000000000014ec                z_arm_irq_priority_set
 .text.z_SysNmiOnReset
                0x0000000000001518        0x8 zephyr/arch/arch/arm/core/aarch32/libarch__arm__core__aarch32.a(nmi_on_reset.S.obj)
                0x0000000000001518                z_SysNmiOnReset
 .text.z_arm_prep_c
                0x0000000000001520       0x38 zephyr/arch/arch/arm/core/aarch32/libarch__arm__core__aarch32.a(prep_c.c.obj)
                0x0000000000001520                z_arm_prep_c
 .text.arch_swap
                0x0000000000001558       0x38 zephyr/arch/arch/arm/core/aarch32/libarch__arm__core__aarch32.a(swap.c.obj)
                0x0000000000001558                arch_swap
 .text.z_arm_pendsv
                0x0000000000001590       0x5c zephyr/arch/arch/arm/core/aarch32/libarch__arm__core__aarch32.a(swap_helper.S.obj)
                0x0000000000001590                z_arm_pendsv
 .text.z_arm_svc
                0x00000000000015ec       0x20 zephyr/arch/arch/arm/core/aarch32/libarch__arm__core__aarch32.a(swap_helper.S.obj)
                0x00000000000015ec                z_arm_svc
 .text.arch_new_thread
                0x000000000000160c       0x44 zephyr/arch/arch/arm/core/aarch32/libarch__arm__core__aarch32.a(thread.c.obj)
                0x000000000000160c                arch_new_thread
 .text.arch_switch_to_main_thread
                0x0000000000001650       0x2c zephyr/arch/arch/arm/core/aarch32/libarch__arm__core__aarch32.a(thread.c.obj)
                0x0000000000001650                arch_switch_to_main_thread
 .text._isr_wrapper
                0x000000000000167c       0x40 zephyr/arch/arch/arm/core/aarch32/libarch__arm__core__aarch32.a(isr_wrapper.S.obj)
                0x000000000000167c                _isr_wrapper
 .text._HandlerModeExit
                0x00000000000016bc       0x1c zephyr/arch/arch/arm/core/aarch32/cortex_m/libarch__arm__core__aarch32__cortex_m.a(exc_exit.S.obj)
                0x00000000000016bc                z_arm_int_exit
                0x00000000000016bc                z_arm_exc_exit
 .text.mem_manage_fault
                0x00000000000016d8       0x6c zephyr/arch/arch/arm/core/aarch32/cortex_m/libarch__arm__core__aarch32__cortex_m.a(fault.c.obj)
 .text.bus_fault
                0x0000000000001744       0x54 zephyr/arch/arch/arm/core/aarch32/cortex_m/libarch__arm__core__aarch32__cortex_m.a(fault.c.obj)
 .text.usage_fault
                0x0000000000001798       0x30 zephyr/arch/arch/arm/core/aarch32/cortex_m/libarch__arm__core__aarch32__cortex_m.a(fault.c.obj)
 .text.hard_fault
                0x00000000000017c8       0x7c zephyr/arch/arch/arm/core/aarch32/cortex_m/libarch__arm__core__aarch32__cortex_m.a(fault.c.obj)
 .text.z_arm_fault
                0x0000000000001844       0x94 zephyr/arch/arch/arm/core/aarch32/cortex_m/libarch__arm__core__aarch32__cortex_m.a(fault.c.obj)
                0x0000000000001844                z_arm_fault
 .text.z_arm_fault_init
                0x00000000000018d8       0x18 zephyr/arch/arch/arm/core/aarch32/cortex_m/libarch__arm__core__aarch32__cortex_m.a(fault.c.obj)
                0x00000000000018d8                z_arm_fault_init
 .text.__fault  0x00000000000018f0       0x14 zephyr/arch/arch/arm/core/aarch32/cortex_m/libarch__arm__core__aarch32__cortex_m.a(fault_s.S.obj)
                0x00000000000018f0                z_arm_usage_fault
                0x00000000000018f0                z_arm_mpu_fault
                0x00000000000018f0                z_arm_exc_spurious
                0x00000000000018f0                z_arm_debug_monitor
                0x00000000000018f0                z_arm_hard_fault
                0x00000000000018f0                z_arm_bus_fault
 .text.z_arm_interrupt_init
                0x0000000000001904       0x34 zephyr/arch/arch/arm/core/aarch32/cortex_m/libarch__arm__core__aarch32__cortex_m.a(irq_init.c.obj)
                0x0000000000001904                z_arm_interrupt_init
 .text._reset_section
                0x0000000000001938       0x60 zephyr/arch/arch/arm/core/aarch32/cortex_m/libarch__arm__core__aarch32__cortex_m.a(reset.S.obj)
                0x0000000000001938                __start
                0x0000000000001938                z_arm_reset
 .text.sys_arch_reboot
                0x0000000000001998       0x24 zephyr/arch/arch/arm/core/aarch32/cortex_m/libarch__arm__core__aarch32__cortex_m.a(scb.c.obj)
                0x0000000000001998                sys_arch_reboot
 .text.z_arm_clear_arm_mpu_config
                0x00000000000019bc       0x28 zephyr/arch/arch/arm/core/aarch32/cortex_m/libarch__arm__core__aarch32__cortex_m.a(scb.c.obj)
                0x00000000000019bc                z_arm_clear_arm_mpu_config
 .text.z_arm_init_arch_hw_at_boot
                0x00000000000019e4       0x54 zephyr/arch/arch/arm/core/aarch32/cortex_m/libarch__arm__core__aarch32__cortex_m.a(scb.c.obj)
                0x00000000000019e4                z_arm_init_arch_hw_at_boot
 .text.z_impl_k_thread_abort
                0x0000000000001a38       0x34 zephyr/arch/arch/arm/core/aarch32/cortex_m/libarch__arm__core__aarch32__cortex_m.a(thread_abort.c.obj)
                0x0000000000001a38                z_impl_k_thread_abort
 .text.z_arm_configure_static_mpu_regions
                0x0000000000001a6c       0x40 zephyr/arch/arch/arm/core/aarch32/mpu/libarch__arm__core__aarch32__mpu.a(arm_core_mpu.c.obj)
                0x0000000000001a6c                z_arm_configure_static_mpu_regions
 .text.mpu_init
                0x0000000000001aac       0x14 zephyr/arch/arch/arm/core/aarch32/mpu/libarch__arm__core__aarch32__mpu.a(arm_mpu.c.obj)
 .text.region_init
                0x0000000000001ac0       0x38 zephyr/arch/arch/arm/core/aarch32/mpu/libarch__arm__core__aarch32__mpu.a(arm_mpu.c.obj)
 .text.mpu_configure_regions_and_partition
                0x0000000000001af8      0x1a8 zephyr/arch/arch/arm/core/aarch32/mpu/libarch__arm__core__aarch32__mpu.a(arm_mpu.c.obj)
 .text.mpu_configure_static_mpu_regions
                0x0000000000001ca0       0x14 zephyr/arch/arch/arm/core/aarch32/mpu/libarch__arm__core__aarch32__mpu.a(arm_mpu.c.obj)
 .text.mpu_mark_areas_for_dynamic_regions
                0x0000000000001cb4       0xbc zephyr/arch/arch/arm/core/aarch32/mpu/libarch__arm__core__aarch32__mpu.a(arm_mpu.c.obj)
 .text.arm_core_mpu_enable
                0x0000000000001d70       0x18 zephyr/arch/arch/arm/core/aarch32/mpu/libarch__arm__core__aarch32__mpu.a(arm_mpu.c.obj)
                0x0000000000001d70                arm_core_mpu_enable
 .text.arm_core_mpu_disable
                0x0000000000001d88       0x14 zephyr/arch/arch/arm/core/aarch32/mpu/libarch__arm__core__aarch32__mpu.a(arm_mpu.c.obj)
                0x0000000000001d88                arm_core_mpu_disable
 .text.z_arm_mpu_init
                0x0000000000001d9c       0x44 zephyr/arch/arch/arm/core/aarch32/mpu/libarch__arm__core__aarch32__mpu.a(arm_mpu.c.obj)
                0x0000000000001d9c                z_arm_mpu_init
 .text.__stdout_hook_install
                0x0000000000001de0        0xc zephyr/lib/libc/minimal/liblib__libc__minimal.a(stdout_console.c.obj)
                0x0000000000001de0                __stdout_hook_install
 .text.get_hf_flags
                0x0000000000001dec        0x8 zephyr/drivers/clock_control/libdrivers__clock_control.a(clock_control_nrf.c.obj)
 .text.get_subsys
                0x0000000000001df4       0x18 zephyr/drivers/clock_control/libdrivers__clock_control.a(clock_control_nrf.c.obj)
 .text.onoff_stop
                0x0000000000001e0c       0x20 zephyr/drivers/clock_control/libdrivers__clock_control.a(clock_control_nrf.c.obj)
 .text.onoff_start
                0x0000000000001e2c       0x34 zephyr/drivers/clock_control/libdrivers__clock_control.a(clock_control_nrf.c.obj)
 .text.clock_event_handler
                0x0000000000001e60       0x4c zephyr/drivers/clock_control/libdrivers__clock_control.a(clock_control_nrf.c.obj)
 .text.generic_hfclk_start
                0x0000000000001eac       0x68 zephyr/drivers/clock_control/libdrivers__clock_control.a(clock_control_nrf.c.obj)
 .text.generic_hfclk_stop
                0x0000000000001f14       0x28 zephyr/drivers/clock_control/libdrivers__clock_control.a(clock_control_nrf.c.obj)
 .text.api_blocking_start
                0x0000000000001f3c       0x38 zephyr/drivers/clock_control/libdrivers__clock_control.a(clock_control_nrf.c.obj)
 .text.clk_init
                0x0000000000001f74       0x60 zephyr/drivers/clock_control/libdrivers__clock_control.a(clock_control_nrf.c.obj)
 .text.lfclk_spinwait
                0x0000000000001fd4       0xec zephyr/drivers/clock_control/libdrivers__clock_control.a(clock_control_nrf.c.obj)
 .text.z_nrf_clock_control_lf_on
                0x00000000000020c0       0x4c zephyr/drivers/clock_control/libdrivers__clock_control.a(clock_control_nrf.c.obj)
                0x00000000000020c0                z_nrf_clock_control_lf_on
 .text.console_out
                0x000000000000210c       0x2c zephyr/drivers/console/libdrivers__console.a(uart_console.c.obj)
 .text.uart_console_hook_install
                0x0000000000002138       0x18 zephyr/drivers/console/libdrivers__console.a(uart_console.c.obj)
 .text.uart_console_init
                0x0000000000002150       0x24 zephyr/drivers/console/libdrivers__console.a(uart_console.c.obj)
 .text.get_dev  0x0000000000002174       0x1c zephyr/drivers/gpio/libdrivers__gpio.a(gpio_nrfx.c.obj)
 .text.gpio_nrfx_pin_interrupt_configure
                0x0000000000002190       0xc8 zephyr/drivers/gpio/libdrivers__gpio.a(gpio_nrfx.c.obj)
 .text.pin_uninit
                0x0000000000002258       0x48 zephyr/drivers/gpio/libdrivers__gpio.a(gpio_nrfx.c.obj)
 .text.gpio_nrfx_pin_configure
                0x00000000000022a0      0x100 zephyr/drivers/gpio/libdrivers__gpio.a(gpio_nrfx.c.obj)
 .text.gpio_nrfx_init
                0x00000000000023a0       0x3c zephyr/drivers/gpio/libdrivers__gpio.a(gpio_nrfx.c.obj)
 .text.baudrate_set
                0x00000000000023dc      0x150 zephyr/drivers/serial/libdrivers__serial.a(uart_nrfx_uarte.c.obj)
 .text.uarte_nrfx_poll_out
                0x000000000000252c       0x70 zephyr/drivers/serial/libdrivers__serial.a(uart_nrfx_uarte.c.obj)
 .text.endtx_stoptx_ppi_init
                0x000000000000259c       0x40 zephyr/drivers/serial/libdrivers__serial.a(uart_nrfx_uarte.c.obj)
 .text.set_comparator
                0x00000000000025dc       0x14 zephyr/drivers/timer/libdrivers__timer.a(nrf_rtc_timer.c.obj)
 .text.get_comparator
                0x00000000000025f0       0x10 zephyr/drivers/timer/libdrivers__timer.a(nrf_rtc_timer.c.obj)
 .text.event_enable
                0x0000000000002600       0x14 zephyr/drivers/timer/libdrivers__timer.a(nrf_rtc_timer.c.obj)
 .text.event_disable
                0x0000000000002614       0x14 zephyr/drivers/timer/libdrivers__timer.a(nrf_rtc_timer.c.obj)
 .text.counter  0x0000000000002628        0xc zephyr/drivers/timer/libdrivers__timer.a(nrf_rtc_timer.c.obj)
 .text.compare_int_lock
                0x0000000000002634       0x44 zephyr/drivers/timer/libdrivers__timer.a(nrf_rtc_timer.c.obj)
 .text.channel_processing_check_and_clear
                0x0000000000002678       0x70 zephyr/drivers/timer/libdrivers__timer.a(nrf_rtc_timer.c.obj)
 .text.compare_int_unlock
                0x00000000000026e8       0x54 zephyr/drivers/timer/libdrivers__timer.a(nrf_rtc_timer.c.obj)
 .text.sys_clock_timeout_handler
                0x000000000000273c       0x78 zephyr/drivers/timer/libdrivers__timer.a(nrf_rtc_timer.c.obj)
 .text.z_nrf_rtc_timer_read
                0x00000000000027b4       0x40 zephyr/drivers/timer/libdrivers__timer.a(nrf_rtc_timer.c.obj)
                0x00000000000027b4                z_nrf_rtc_timer_read
 .text.compare_set_nolocks
                0x00000000000027f4       0x98 zephyr/drivers/timer/libdrivers__timer.a(nrf_rtc_timer.c.obj)
 .text.sys_clock_driver_init
                0x000000000000288c       0x94 zephyr/drivers/timer/libdrivers__timer.a(nrf_rtc_timer.c.obj)
 .text.process_channel
                0x0000000000002920       0x74 zephyr/drivers/timer/libdrivers__timer.a(nrf_rtc_timer.c.obj)
 .text.rtc_nrf_isr
                0x0000000000002994       0x44 zephyr/drivers/timer/libdrivers__timer.a(nrf_rtc_timer.c.obj)
                0x0000000000002994                rtc_nrf_isr
 .text.sys_clock_set_timeout
                0x00000000000029d8       0x64 zephyr/drivers/timer/libdrivers__timer.a(nrf_rtc_timer.c.obj)
                0x00000000000029d8                sys_clock_set_timeout
 .text.sys_clock_elapsed
                0x0000000000002a3c       0x14 zephyr/drivers/timer/libdrivers__timer.a(nrf_rtc_timer.c.obj)
                0x0000000000002a3c                sys_clock_elapsed
 .text.nrf_pin_configure
                0x0000000000002a50       0x4c zephyr/drivers/pinctrl/libdrivers__pinctrl.a(pinctrl_nrf.c.obj)
 .text.pinctrl_configure_pins
                0x0000000000002a9c      0x3ac zephyr/drivers/pinctrl/libdrivers__pinctrl.a(pinctrl_nrf.c.obj)
                0x0000000000002a9c                pinctrl_configure_pins
 .text.SystemCoreClockUpdate
                0x0000000000002e48       0x20 modules/hal_nordic/nrfx/libmodules__hal_nordic__nrfx.a(system_nrf5340_application.c.obj)
                0x0000000000002e48                SystemCoreClockUpdate
 .text.SystemInit
                0x0000000000002e68      0x120 modules/hal_nordic/nrfx/libmodules__hal_nordic__nrfx.a(system_nrf5340_application.c.obj)
                0x0000000000002e68                SystemInit
 .text.nrfx_flag32_alloc
                0x0000000000002f88       0x48 modules/hal_nordic/nrfx/libmodules__hal_nordic__nrfx.a(nrfx_flag32_allocator.c.obj)
                0x0000000000002f88                nrfx_flag32_alloc
 .text.nrfx_flag32_free
                0x0000000000002fd0       0x3c modules/hal_nordic/nrfx/libmodules__hal_nordic__nrfx.a(nrfx_flag32_allocator.c.obj)
                0x0000000000002fd0                nrfx_flag32_free
 .text.clock_stop
                0x000000000000300c      0x14c modules/hal_nordic/nrfx/libmodules__hal_nordic__nrfx.a(nrfx_clock.c.obj)
 .text.nrfx_clock_init
                0x0000000000003158       0x24 modules/hal_nordic/nrfx/libmodules__hal_nordic__nrfx.a(nrfx_clock.c.obj)
                0x0000000000003158                nrfx_clock_init
 .text.nrfx_power_clock_irq_handler
                0x000000000000317c       0xc8 modules/hal_nordic/nrfx/libmodules__hal_nordic__nrfx.a(nrfx_clock.c.obj)
                0x000000000000317c                nrfx_power_clock_irq_handler
 .text.nrfx_dppi_channel_alloc
                0x0000000000003244       0x10 modules/hal_nordic/nrfx/libmodules__hal_nordic__nrfx.a(nrfx_dppi.c.obj)
                0x0000000000003244                nrfx_dppi_channel_alloc
 .text.pin_in_use
                0x0000000000003254       0x14 modules/hal_nordic/nrfx/libmodules__hal_nordic__nrfx.a(nrfx_gpiote.c.obj)
 .text.pin_in_use_by_te
                0x0000000000003268       0x14 modules/hal_nordic/nrfx/libmodules__hal_nordic__nrfx.a(nrfx_gpiote.c.obj)
 .text.pin_has_trigger
                0x000000000000327c       0x18 modules/hal_nordic/nrfx/libmodules__hal_nordic__nrfx.a(nrfx_gpiote.c.obj)
 .text.pin_is_output
                0x0000000000003294       0x14 modules/hal_nordic/nrfx/libmodules__hal_nordic__nrfx.a(nrfx_gpiote.c.obj)
 .text.pin_te_get
                0x00000000000032a8       0x10 modules/hal_nordic/nrfx/libmodules__hal_nordic__nrfx.a(nrfx_gpiote.c.obj)
 .text.handler_in_use
                0x00000000000032b8       0x34 modules/hal_nordic/nrfx/libmodules__hal_nordic__nrfx.a(nrfx_gpiote.c.obj)
 .text.find_handler
                0x00000000000032ec       0x2c modules/hal_nordic/nrfx/libmodules__hal_nordic__nrfx.a(nrfx_gpiote.c.obj)
 .text.channel_handler_get
                0x0000000000003318       0x20 modules/hal_nordic/nrfx/libmodules__hal_nordic__nrfx.a(nrfx_gpiote.c.obj)
 .text.call_handler
                0x0000000000003338       0x2c modules/hal_nordic/nrfx/libmodules__hal_nordic__nrfx.a(nrfx_gpiote.c.obj)
 .text.release_handler
                0x0000000000003364       0x44 modules/hal_nordic/nrfx/libmodules__hal_nordic__nrfx.a(nrfx_gpiote.c.obj)
 .text.pin_handler_trigger_uninit
                0x00000000000033a8       0x3c modules/hal_nordic/nrfx/libmodules__hal_nordic__nrfx.a(nrfx_gpiote.c.obj)
 .text.pin_handler_set
                0x00000000000033e4       0x6c modules/hal_nordic/nrfx/libmodules__hal_nordic__nrfx.a(nrfx_gpiote.c.obj)
 .text.gpiote_evt_handle
                0x0000000000003450       0x44 modules/hal_nordic/nrfx/libmodules__hal_nordic__nrfx.a(nrfx_gpiote.c.obj)
 .text.latch_pending_read_and_check
                0x0000000000003494       0x4c modules/hal_nordic/nrfx/libmodules__hal_nordic__nrfx.a(nrfx_gpiote.c.obj)
 .text.next_sense_cond_call_handler
                0x00000000000034e0       0xd0 modules/hal_nordic/nrfx/libmodules__hal_nordic__nrfx.a(nrfx_gpiote.c.obj)
 .text.port_event_handle
                0x00000000000035b0       0xd0 modules/hal_nordic/nrfx/libmodules__hal_nordic__nrfx.a(nrfx_gpiote.c.obj)
 .text.nrfx_gpiote_input_configure
                0x0000000000003680      0x174 modules/hal_nordic/nrfx/libmodules__hal_nordic__nrfx.a(nrfx_gpiote.c.obj)
                0x0000000000003680                nrfx_gpiote_input_configure
 .text.nrfx_gpiote_output_configure
                0x00000000000037f4      0x18c modules/hal_nordic/nrfx/libmodules__hal_nordic__nrfx.a(nrfx_gpiote.c.obj)
                0x00000000000037f4                nrfx_gpiote_output_configure
 .text.nrfx_gpiote_global_callback_set
                0x0000000000003980        0xc modules/hal_nordic/nrfx/libmodules__hal_nordic__nrfx.a(nrfx_gpiote.c.obj)
                0x0000000000003980                nrfx_gpiote_global_callback_set
 .text.nrfx_gpiote_channel_get
                0x000000000000398c       0x30 modules/hal_nordic/nrfx/libmodules__hal_nordic__nrfx.a(nrfx_gpiote.c.obj)
                0x000000000000398c                nrfx_gpiote_channel_get
 .text.nrfx_gpiote_init
                0x00000000000039bc       0x54 modules/hal_nordic/nrfx/libmodules__hal_nordic__nrfx.a(nrfx_gpiote.c.obj)
                0x00000000000039bc                nrfx_gpiote_init
 .text.nrfx_gpiote_is_init
                0x0000000000003a10       0x14 modules/hal_nordic/nrfx/libmodules__hal_nordic__nrfx.a(nrfx_gpiote.c.obj)
                0x0000000000003a10                nrfx_gpiote_is_init
 .text.nrfx_gpiote_channel_free
                0x0000000000003a24       0x10 modules/hal_nordic/nrfx/libmodules__hal_nordic__nrfx.a(nrfx_gpiote.c.obj)
                0x0000000000003a24                nrfx_gpiote_channel_free
 .text.nrfx_gpiote_channel_alloc
                0x0000000000003a34       0x10 modules/hal_nordic/nrfx/libmodules__hal_nordic__nrfx.a(nrfx_gpiote.c.obj)
                0x0000000000003a34                nrfx_gpiote_channel_alloc
 .text.nrfx_gpiote_trigger_enable
                0x0000000000003a44       0xc4 modules/hal_nordic/nrfx/libmodules__hal_nordic__nrfx.a(nrfx_gpiote.c.obj)
                0x0000000000003a44                nrfx_gpiote_trigger_enable
 .text.nrfx_gpiote_trigger_disable
                0x0000000000003b08       0x60 modules/hal_nordic/nrfx/libmodules__hal_nordic__nrfx.a(nrfx_gpiote.c.obj)
                0x0000000000003b08                nrfx_gpiote_trigger_disable
 .text.nrfx_gpiote_pin_uninit
                0x0000000000003b68       0x50 modules/hal_nordic/nrfx/libmodules__hal_nordic__nrfx.a(nrfx_gpiote.c.obj)
                0x0000000000003b68                nrfx_gpiote_pin_uninit
 .text.nrfx_gpiote_irq_handler
                0x0000000000003bb8       0x60 modules/hal_nordic/nrfx/libmodules__hal_nordic__nrfx.a(nrfx_gpiote.c.obj)
                0x0000000000003bb8                nrfx_gpiote_irq_handler
 .text.z_device_state_init
                0x0000000000003c18       0x18 zephyr/kernel/libkernel.a(device.c.obj)
                0x0000000000003c18                z_device_state_init
 .text.z_sys_init_run_level
                0x0000000000003c30       0x50 zephyr/kernel/libkernel.a(device.c.obj)
                0x0000000000003c30                z_sys_init_run_level
 .text.init_idle_thread
                0x0000000000003c80       0x60 zephyr/kernel/libkernel.a(init.c.obj)
 .text.bg_thread_main
                0x0000000000003ce0       0x34 zephyr/kernel/libkernel.a(init.c.obj)
 .text.switch_to_main_thread
                0x0000000000003d14       0x14 zephyr/kernel/libkernel.a(init.c.obj)
 .text.z_bss_zero
                0x0000000000003d28       0x18 zephyr/kernel/libkernel.a(init.c.obj)
                0x0000000000003d28                z_bss_zero
 .text.z_init_cpu
                0x0000000000003d40       0x40 zephyr/kernel/libkernel.a(init.c.obj)
                0x0000000000003d40                z_init_cpu
 .text.prepare_multithreading
                0x0000000000003d80       0x60 zephyr/kernel/libkernel.a(init.c.obj)
 .text.z_cstart
                0x0000000000003de0       0x88 zephyr/kernel/libkernel.a(init.c.obj)
                0x0000000000003de0                z_cstart
 .text.init_mem_slab_module
                0x0000000000003e68       0x24 zephyr/kernel/libkernel.a(mem_slab.c.obj)
 .text.k_mem_slab_alloc
                0x0000000000003e8c       0x68 zephyr/kernel/libkernel.a(mem_slab.c.obj)
                0x0000000000003e8c                k_mem_slab_alloc
 .text.z_thread_monitor_exit
                0x0000000000003ef4       0x40 zephyr/kernel/libkernel.a(thread.c.obj)
                0x0000000000003ef4                z_thread_monitor_exit
 .text.schedule_new_thread
                0x0000000000003f34       0x1c zephyr/kernel/libkernel.a(thread.c.obj)
 .text.z_setup_new_thread
                0x0000000000003f50       0xc8 zephyr/kernel/libkernel.a(thread.c.obj)
                0x0000000000003f50                z_setup_new_thread
 .text.z_init_static_threads
                0x0000000000004018       0x94 zephyr/kernel/libkernel.a(thread.c.obj)
                0x0000000000004018                z_init_static_threads
 .text.idle     0x00000000000040ac       0x3c zephyr/kernel/libkernel.a(idle.c.obj)
                0x00000000000040ac                idle
 .text.z_impl_k_mutex_lock
                0x00000000000040e8      0x114 zephyr/kernel/libkernel.a(mutex.c.obj)
                0x00000000000040e8                z_impl_k_mutex_lock
 .text.z_impl_k_mutex_unlock
                0x00000000000041fc       0x88 zephyr/kernel/libkernel.a(mutex.c.obj)
                0x00000000000041fc                z_impl_k_mutex_unlock
 .text.z_impl_k_sem_give
                0x0000000000004284       0x48 zephyr/kernel/libkernel.a(sem.c.obj)
                0x0000000000004284                z_impl_k_sem_give
 .text.z_impl_k_sem_take
                0x00000000000042cc       0x50 zephyr/kernel/libkernel.a(sem.c.obj)
                0x00000000000042cc                z_impl_k_sem_take
 .text.add_thread_timeout
                0x000000000000431c       0x20 zephyr/kernel/libkernel.a(sched.c.obj)
 .text.z_reset_time_slice
                0x000000000000433c       0x28 zephyr/kernel/libkernel.a(sched.c.obj)
                0x000000000000433c                z_reset_time_slice
 .text.k_sched_time_slice_set
                0x0000000000004364       0x74 zephyr/kernel/libkernel.a(sched.c.obj)
                0x0000000000004364                k_sched_time_slice_set
 .text.z_reschedule
                0x00000000000043d8       0x38 zephyr/kernel/libkernel.a(sched.c.obj)
                0x00000000000043d8                z_reschedule
 .text.k_sched_lock
                0x0000000000004410       0x34 zephyr/kernel/libkernel.a(sched.c.obj)
                0x0000000000004410                k_sched_lock
 .text.update_cache
                0x0000000000004444       0x50 zephyr/kernel/libkernel.a(sched.c.obj)
 .text.move_thread_to_end_of_prio_q
                0x0000000000004494       0x88 zephyr/kernel/libkernel.a(sched.c.obj)
 .text.slice_expired_locked
                0x000000000000451c       0x28 zephyr/kernel/libkernel.a(sched.c.obj)
 .text.z_time_slice
                0x0000000000004544       0xb0 zephyr/kernel/libkernel.a(sched.c.obj)
                0x0000000000004544                z_time_slice
 .text.ready_thread
                0x00000000000045f4       0x80 zephyr/kernel/libkernel.a(sched.c.obj)
 .text.z_sched_start
                0x0000000000004674       0x3c zephyr/kernel/libkernel.a(sched.c.obj)
                0x0000000000004674                z_sched_start
 .text.unready_thread
                0x00000000000046b0       0x38 zephyr/kernel/libkernel.a(sched.c.obj)
 .text.z_pend_curr
                0x00000000000046e8       0x28 zephyr/kernel/libkernel.a(sched.c.obj)
                0x00000000000046e8                z_pend_curr
 .text.z_set_prio
                0x0000000000004710       0xc0 zephyr/kernel/libkernel.a(sched.c.obj)
                0x0000000000004710                z_set_prio
 .text.z_impl_k_thread_suspend
                0x00000000000047d0       0x84 zephyr/kernel/libkernel.a(sched.c.obj)
                0x00000000000047d0                z_impl_k_thread_suspend
 .text.k_sched_unlock
                0x0000000000004854       0x50 zephyr/kernel/libkernel.a(sched.c.obj)
                0x0000000000004854                k_sched_unlock
 .text.end_thread
                0x00000000000048a4       0x9c zephyr/kernel/libkernel.a(sched.c.obj)
 .text.z_sched_init
                0x0000000000004940       0x18 zephyr/kernel/libkernel.a(sched.c.obj)
                0x0000000000004940                z_sched_init
 .text.z_impl_k_yield
                0x0000000000004958       0x88 zephyr/kernel/libkernel.a(sched.c.obj)
                0x0000000000004958                z_impl_k_yield
 .text.z_tick_sleep
                0x00000000000049e0       0x98 zephyr/kernel/libkernel.a(sched.c.obj)
 .text.z_impl_k_sleep
                0x0000000000004a78       0x58 zephyr/kernel/libkernel.a(sched.c.obj)
                0x0000000000004a78                z_impl_k_sleep
 .text.z_impl_z_current_get
                0x0000000000004ad0        0xc zephyr/kernel/libkernel.a(sched.c.obj)
                0x0000000000004ad0                z_impl_z_current_get
 .text.z_thread_abort
                0x0000000000004adc       0x50 zephyr/kernel/libkernel.a(sched.c.obj)
                0x0000000000004adc                z_thread_abort
 .text.z_data_copy
                0x0000000000004b2c       0x34 zephyr/kernel/libkernel.a(xip.c.obj)
                0x0000000000004b2c                z_data_copy
 .text.first    0x0000000000004b60       0x14 zephyr/kernel/libkernel.a(timeout.c.obj)
 .text.next     0x0000000000004b74       0x18 zephyr/kernel/libkernel.a(timeout.c.obj)
 .text.elapsed  0x0000000000004b8c       0x18 zephyr/kernel/libkernel.a(timeout.c.obj)
 .text.next_timeout
                0x0000000000004ba4       0x4c zephyr/kernel/libkernel.a(timeout.c.obj)
 .text.z_add_timeout
                0x0000000000004bf0      0x118 zephyr/kernel/libkernel.a(timeout.c.obj)
                0x0000000000004bf0                z_add_timeout
 .text.sys_clock_announce
                0x0000000000004d08       0xc4 zephyr/kernel/libkernel.a(timeout.c.obj)
                0x0000000000004d08                sys_clock_announce
 .text.sys_clock_tick_get
                0x0000000000004dcc       0x40 zephyr/kernel/libkernel.a(timeout.c.obj)
                0x0000000000004dcc                sys_clock_tick_get
 .text.boot_banner
                0x0000000000004e0c       0x1c zephyr/kernel/libkernel.a(banner.c.obj)
                0x0000000000004e0c                boot_banner
 .text.nrf_cc3xx_platform_init_no_rng
                0x0000000000004e28       0x38 C:/ncs/v2.0.2/nrfxlib/crypto/nrf_cc312_platform/lib/cortex-m33/soft-float/no-interrupts/libnrf_cc312_platform_0.9.14.a(nrf_cc3xx_platform.c.obj)
                0x0000000000004e28                nrf_cc3xx_platform_init_no_rng
 .text.nrf_cc3xx_platform_abort
                0x0000000000004e60       0x24 C:/ncs/v2.0.2/nrfxlib/crypto/nrf_cc312_platform/lib/cortex-m33/soft-float/no-interrupts/libnrf_cc312_platform_0.9.14.a(nrf_cc3xx_platform_abort.c.obj)
 .text.CC_PalAbort
                0x0000000000004e84       0x44 C:/ncs/v2.0.2/nrfxlib/crypto/nrf_cc312_platform/lib/cortex-m33/soft-float/no-interrupts/libnrf_cc312_platform_0.9.14.a(nrf_cc3xx_platform_abort.c.obj)
                0x0000000000004e84                CC_PalAbort
 .text.nrf_cc3xx_platform_set_abort
                0x0000000000004ec8       0x10 C:/ncs/v2.0.2/nrfxlib/crypto/nrf_cc312_platform/lib/cortex-m33/soft-float/no-interrupts/libnrf_cc312_platform_0.9.14.a(nrf_cc3xx_platform_abort.c.obj)
                0x0000000000004ec8                nrf_cc3xx_platform_set_abort
 .text.mutex_free
                0x0000000000004ed8       0x28 C:/ncs/v2.0.2/nrfxlib/crypto/nrf_cc312_platform/lib/cortex-m33/soft-float/no-interrupts/libnrf_cc312_platform_0.9.14.a(nrf_cc3xx_platform_mutex.c.obj)
 .text.mutex_lock
                0x0000000000004f00       0x40 C:/ncs/v2.0.2/nrfxlib/crypto/nrf_cc312_platform/lib/cortex-m33/soft-float/no-interrupts/libnrf_cc312_platform_0.9.14.a(nrf_cc3xx_platform_mutex.c.obj)
 .text.mutex_unlock
                0x0000000000004f40       0x30 C:/ncs/v2.0.2/nrfxlib/crypto/nrf_cc312_platform/lib/cortex-m33/soft-float/no-interrupts/libnrf_cc312_platform_0.9.14.a(nrf_cc3xx_platform_mutex.c.obj)
 .text.mutex_init
                0x0000000000004f70       0x1c C:/ncs/v2.0.2/nrfxlib/crypto/nrf_cc312_platform/lib/cortex-m33/soft-float/no-interrupts/libnrf_cc312_platform_0.9.14.a(nrf_cc3xx_platform_mutex.c.obj)
 .text.nrf_cc3xx_platform_set_mutexes
                0x0000000000004f8c       0x68 C:/ncs/v2.0.2/nrfxlib/crypto/nrf_cc312_platform/lib/cortex-m33/soft-float/no-interrupts/libnrf_cc312_platform_0.9.14.a(nrf_cc3xx_platform_mutex.c.obj)
                0x0000000000004f8c                nrf_cc3xx_platform_set_mutexes
 .text.CC_LibInitNoRng
                0x0000000000004ff4       0x28 C:/ncs/v2.0.2/nrfxlib/crypto/nrf_cc312_platform/lib/cortex-m33/soft-float/no-interrupts/libnrf_cc312_platform_0.9.14.a(cc_lib.c.obj)
                0x0000000000004ff4                CC_LibInitNoRng
 .text.CC_HalInit
                0x000000000000501c        0x4 C:/ncs/v2.0.2/nrfxlib/crypto/nrf_cc312_platform/lib/cortex-m33/soft-float/no-interrupts/libnrf_cc312_platform_0.9.14.a(cc_hal.c.obj)
                0x000000000000501c                CC_HalInit
 .text.CC_PalInit
                0x0000000000005020       0x5c C:/ncs/v2.0.2/nrfxlib/crypto/nrf_cc312_platform/lib/cortex-m33/soft-float/no-interrupts/libnrf_cc312_platform_0.9.14.a(cc_pal.c.obj)
                0x0000000000005020                CC_PalInit
 .text.CC_PalTerminate
                0x000000000000507c       0x34 C:/ncs/v2.0.2/nrfxlib/crypto/nrf_cc312_platform/lib/cortex-m33/soft-float/no-interrupts/libnrf_cc312_platform_0.9.14.a(cc_pal.c.obj)
                0x000000000000507c                CC_PalTerminate
 .text.CC_PalDmaInit
                0x00000000000050b0        0x4 C:/ncs/v2.0.2/nrfxlib/crypto/nrf_cc312_platform/lib/cortex-m33/soft-float/no-interrupts/libnrf_cc312_platform_0.9.14.a(cc_pal_dma.c.obj)
                0x00000000000050b0                CC_PalDmaInit
 .text.CC_PalDmaTerminate
                0x00000000000050b4        0x4 C:/ncs/v2.0.2/nrfxlib/crypto/nrf_cc312_platform/lib/cortex-m33/soft-float/no-interrupts/libnrf_cc312_platform_0.9.14.a(cc_pal_dma.c.obj)
                0x00000000000050b4                CC_PalDmaTerminate
 .text.CC_PalMutexCreate
                0x00000000000050b8       0x14 C:/ncs/v2.0.2/nrfxlib/crypto/nrf_cc312_platform/lib/cortex-m33/soft-float/no-interrupts/libnrf_cc312_platform_0.9.14.a(cc_pal_mutex.c.obj)
                0x00000000000050b8                CC_PalMutexCreate
 .text.CC_PalMutexDestroy
                0x00000000000050cc       0x14 C:/ncs/v2.0.2/nrfxlib/crypto/nrf_cc312_platform/lib/cortex-m33/soft-float/no-interrupts/libnrf_cc312_platform_0.9.14.a(cc_pal_mutex.c.obj)
                0x00000000000050cc                CC_PalMutexDestroy
 .text.CC_PalPowerSaveModeInit
                0x00000000000050e0       0x3c C:/ncs/v2.0.2/nrfxlib/crypto/nrf_cc312_platform/lib/cortex-m33/soft-float/no-interrupts/libnrf_cc312_platform_0.9.14.a(cc_pal_pm.c.obj)
                0x00000000000050e0                CC_PalPowerSaveModeInit
 .text.sys_notify_validate
                0x000000000000511c       0x2e zephyr/libzephyr.a(notify.c.obj)
                0x000000000000511c                sys_notify_validate
 .text.sys_notify_finalize
                0x000000000000514a       0x1a zephyr/libzephyr.a(notify.c.obj)
                0x000000000000514a                sys_notify_finalize
 .text.arch_printk_char_out
                0x0000000000005164        0x4 zephyr/libzephyr.a(printk.c.obj)
                0x0000000000005164                arch_printk_char_out
 .text.printk   0x0000000000005168       0x1c zephyr/libzephyr.a(printk.c.obj)
                0x0000000000005168                printk
 .text.set_state
                0x0000000000005184       0x10 zephyr/libzephyr.a(onoff.c.obj)
 .text.notify_monitors
                0x0000000000005194       0x3e zephyr/libzephyr.a(onoff.c.obj)
 .text.process_recheck
                0x00000000000051d2       0x32 zephyr/libzephyr.a(onoff.c.obj)
 .text.process_complete
                0x0000000000005204       0x9c zephyr/libzephyr.a(onoff.c.obj)
 .text.validate_args
                0x00000000000052a0       0x2c zephyr/libzephyr.a(onoff.c.obj)
 .text.notify_one
                0x00000000000052cc       0x26 zephyr/libzephyr.a(onoff.c.obj)
 .text.notify_all
                0x00000000000052f2       0x2e zephyr/libzephyr.a(onoff.c.obj)
 .text.transition_complete
                0x0000000000005320       0x1c zephyr/libzephyr.a(onoff.c.obj)
 .text.onoff_manager_init
                0x000000000000533c       0x3a zephyr/libzephyr.a(onoff.c.obj)
                0x000000000000533c                onoff_manager_init
 .text.onoff_request
                0x0000000000005376       0xb8 zephyr/libzephyr.a(onoff.c.obj)
                0x0000000000005376                onoff_request
 .text.z_thread_entry
                0x000000000000542e       0x14 zephyr/libzephyr.a(thread_entry.c.obj)
                0x000000000000542e                z_thread_entry
 .text.extract_decimal
                0x0000000000005442       0x24 zephyr/libzephyr.a(cbprintf_complete.c.obj)
 .text.encode_uint
                0x0000000000005466       0xd4 zephyr/libzephyr.a(cbprintf_complete.c.obj)
 .text.outs     0x000000000000553a       0x34 zephyr/libzephyr.a(cbprintf_complete.c.obj)
 .text._ConfigAbsSyms
                0x000000000000556e        0x2 zephyr/libzephyr.a(configs.c.obj)
                0x000000000000556e                _ConfigAbsSyms
 .text.pm_state_exit_post_ops
                0x0000000000005570        0xc zephyr/libzephyr.a(power.c.obj)
                0x0000000000005570                pm_state_exit_post_ops
 .text.abort_function
                0x000000000000557c        0x8 zephyr/libzephyr.a(nrf_cc3xx_platform_abort_zephyr.c.obj)
 .text.z_arm_fatal_error
                0x0000000000005584        0x8 zephyr/arch/arch/arm/core/aarch32/libarch__arm__core__aarch32.a(fatal.c.obj)
                0x0000000000005584                z_arm_fatal_error
 .text.z_do_kernel_oops
                0x000000000000558c        0xc zephyr/arch/arch/arm/core/aarch32/libarch__arm__core__aarch32.a(fatal.c.obj)
                0x000000000000558c                z_do_kernel_oops
 .text.z_irq_spurious
                0x0000000000005598        0xc zephyr/arch/arch/arm/core/aarch32/libarch__arm__core__aarch32.a(irq_manage.c.obj)
                0x0000000000005598                z_irq_spurious
 .text.z_arm_nmi
                0x00000000000055a4        0xc zephyr/arch/arch/arm/core/aarch32/libarch__arm__core__aarch32.a(nmi.c.obj)
                0x00000000000055a4                z_arm_nmi
 .text.configure_builtin_stack_guard
                0x00000000000055b0        0xa zephyr/arch/arch/arm/core/aarch32/libarch__arm__core__aarch32.a(thread.c.obj)
                0x00000000000055b0                configure_builtin_stack_guard
 .text.memory_fault_recoverable
                0x00000000000055ba        0x4 zephyr/arch/arch/arm/core/aarch32/cortex_m/libarch__arm__core__aarch32__cortex_m.a(fault.c.obj)
 .text.debug_monitor
                0x00000000000055be        0x6 zephyr/arch/arch/arm/core/aarch32/cortex_m/libarch__arm__core__aarch32__cortex_m.a(fault.c.obj)
 .text.fault_handle
                0x00000000000055c4       0x46 zephyr/arch/arch/arm/core/aarch32/cortex_m/libarch__arm__core__aarch32__cortex_m.a(fault.c.obj)
 .text.arm_cmse_mpu_region_get
                0x000000000000560a       0x14 zephyr/arch/arch/arm/core/aarch32/cortex_m/cmse/libarch__arm__core__aarch32__cortex_m__cmse.a(arm_core_cmse.c.obj)
                0x000000000000560a                arm_cmse_mpu_region_get
 .text.mpu_partition_is_valid
                0x000000000000561e       0x24 zephyr/arch/arch/arm/core/aarch32/mpu/libarch__arm__core__aarch32__mpu.a(arm_mpu.c.obj)
 .text.region_allocate_and_init
                0x0000000000005642       0x16 zephyr/arch/arch/arm/core/aarch32/mpu/libarch__arm__core__aarch32__mpu.a(arm_mpu.c.obj)
 .text.mpu_configure_region
                0x0000000000005658       0x3e zephyr/arch/arch/arm/core/aarch32/mpu/libarch__arm__core__aarch32__mpu.a(arm_mpu.c.obj)
 .text.arm_core_mpu_configure_static_mpu_regions
                0x0000000000005696        0x8 zephyr/arch/arch/arm/core/aarch32/mpu/libarch__arm__core__aarch32__mpu.a(arm_mpu.c.obj)
                0x0000000000005696                arm_core_mpu_configure_static_mpu_regions
 .text.arm_core_mpu_mark_areas_for_dynamic_regions
                0x000000000000569e        0x8 zephyr/arch/arch/arm/core/aarch32/mpu/libarch__arm__core__aarch32__mpu.a(arm_mpu.c.obj)
                0x000000000000569e                arm_core_mpu_mark_areas_for_dynamic_regions
 .text.strncpy  0x00000000000056a6       0x34 zephyr/lib/libc/minimal/liblib__libc__minimal.a(string.c.obj)
                0x00000000000056a6                strncpy
 .text.strlen   0x00000000000056da       0x12 zephyr/lib/libc/minimal/liblib__libc__minimal.a(string.c.obj)
                0x00000000000056da                strlen
 .text.strnlen  0x00000000000056ec       0x14 zephyr/lib/libc/minimal/liblib__libc__minimal.a(string.c.obj)
                0x00000000000056ec                strnlen
 .text.memcpy   0x0000000000005700       0x5e zephyr/lib/libc/minimal/liblib__libc__minimal.a(string.c.obj)
                0x0000000000005700                memcpy
 .text.memset   0x000000000000575e       0x3c zephyr/lib/libc/minimal/liblib__libc__minimal.a(string.c.obj)
                0x000000000000575e                memset
 .text._stdout_hook_default
                0x000000000000579a        0x6 zephyr/lib/libc/minimal/liblib__libc__minimal.a(stdout_console.c.obj)
 .text.get_sub_data
                0x00000000000057a0        0xe zephyr/drivers/clock_control/libdrivers__clock_control.a(clock_control_nrf.c.obj)
 .text.get_sub_config
                0x00000000000057ae        0x8 zephyr/drivers/clock_control/libdrivers__clock_control.a(clock_control_nrf.c.obj)
 .text.get_onoff_manager
                0x00000000000057b6        0xc zephyr/drivers/clock_control/libdrivers__clock_control.a(clock_control_nrf.c.obj)
 .text.get_status
                0x00000000000057c2       0x10 zephyr/drivers/clock_control/libdrivers__clock_control.a(clock_control_nrf.c.obj)
 .text.set_off_state
                0x00000000000057d2       0x32 zephyr/drivers/clock_control/libdrivers__clock_control.a(clock_control_nrf.c.obj)
 .text.set_starting_state
                0x0000000000005804       0x3c zephyr/drivers/clock_control/libdrivers__clock_control.a(clock_control_nrf.c.obj)
 .text.set_on_state
                0x0000000000005840       0x26 zephyr/drivers/clock_control/libdrivers__clock_control.a(clock_control_nrf.c.obj)
 .text.clkstarted_handle
                0x0000000000005866       0x24 zephyr/drivers/clock_control/libdrivers__clock_control.a(clock_control_nrf.c.obj)
 .text.stop     0x000000000000588a       0x2a zephyr/drivers/clock_control/libdrivers__clock_control.a(clock_control_nrf.c.obj)
 .text.api_stop
                0x00000000000058b4        0xa zephyr/drivers/clock_control/libdrivers__clock_control.a(clock_control_nrf.c.obj)
 .text.async_start
                0x00000000000058be       0x38 zephyr/drivers/clock_control/libdrivers__clock_control.a(clock_control_nrf.c.obj)
 .text.api_start
                0x00000000000058f6       0x10 zephyr/drivers/clock_control/libdrivers__clock_control.a(clock_control_nrf.c.obj)
 .text.onoff_started_callback
                0x0000000000005906       0x10 zephyr/drivers/clock_control/libdrivers__clock_control.a(clock_control_nrf.c.obj)
 .text.hfclk_start
                0x0000000000005916        0xa zephyr/drivers/clock_control/libdrivers__clock_control.a(clock_control_nrf.c.obj)
 .text.hfclkaudio_start
                0x0000000000005920        0xa zephyr/drivers/clock_control/libdrivers__clock_control.a(clock_control_nrf.c.obj)
 .text.hfclk192m_start
                0x000000000000592a        0xa zephyr/drivers/clock_control/libdrivers__clock_control.a(clock_control_nrf.c.obj)
 .text.lfclk_start
                0x0000000000005934        0xa zephyr/drivers/clock_control/libdrivers__clock_control.a(clock_control_nrf.c.obj)
 .text.hfclk_stop
                0x000000000000593e        0xa zephyr/drivers/clock_control/libdrivers__clock_control.a(clock_control_nrf.c.obj)
 .text.hfclkaudio_stop
                0x0000000000005948        0xa zephyr/drivers/clock_control/libdrivers__clock_control.a(clock_control_nrf.c.obj)
 .text.hfclk192m_stop
                0x0000000000005952        0xa zephyr/drivers/clock_control/libdrivers__clock_control.a(clock_control_nrf.c.obj)
 .text.lfclk_stop
                0x000000000000595c        0xa zephyr/drivers/clock_control/libdrivers__clock_control.a(clock_control_nrf.c.obj)
 .text.blocking_start_callback
                0x0000000000005966        0xa zephyr/drivers/clock_control/libdrivers__clock_control.a(clock_control_nrf.c.obj)
 .text.get_drive
                0x0000000000005970       0x8c zephyr/drivers/gpio/libdrivers__gpio.a(gpio_nrfx.c.obj)
 .text.get_pull
                0x00000000000059fc       0x18 zephyr/drivers/gpio/libdrivers__gpio.a(gpio_nrfx.c.obj)
 .text.gpio_nrfx_port_get_raw
                0x0000000000005a14        0xc zephyr/drivers/gpio/libdrivers__gpio.a(gpio_nrfx.c.obj)
 .text.gpio_nrfx_port_set_masked_raw
                0x0000000000005a20       0x12 zephyr/drivers/gpio/libdrivers__gpio.a(gpio_nrfx.c.obj)
 .text.gpio_nrfx_port_set_bits_raw
                0x0000000000005a32        0xa zephyr/drivers/gpio/libdrivers__gpio.a(gpio_nrfx.c.obj)
 .text.gpio_nrfx_port_clear_bits_raw
                0x0000000000005a3c        0xa zephyr/drivers/gpio/libdrivers__gpio.a(gpio_nrfx.c.obj)
 .text.gpio_nrfx_port_toggle_bits
                0x0000000000005a46        0xe zephyr/drivers/gpio/libdrivers__gpio.a(gpio_nrfx.c.obj)
 .text.get_trigger
                0x0000000000005a54       0x2c zephyr/drivers/gpio/libdrivers__gpio.a(gpio_nrfx.c.obj)
 .text.gpio_nrfx_manage_callback
                0x0000000000005a80       0x72 zephyr/drivers/gpio/libdrivers__gpio.a(gpio_nrfx.c.obj)
 .text.nrfx_gpio_handler
                0x0000000000005af2       0x48 zephyr/drivers/gpio/libdrivers__gpio.a(gpio_nrfx.c.obj)
 .text.endtx_isr
                0x0000000000005b3a       0x32 zephyr/drivers/serial/libdrivers__serial.a(uart_nrfx_uarte.c.obj)
 .text.uarte_nrfx_isr_int
                0x0000000000005b6c       0x52 zephyr/drivers/serial/libdrivers__serial.a(uart_nrfx_uarte.c.obj)
 .text.uarte_nrfx_configure
                0x0000000000005bbe       0xc4 zephyr/drivers/serial/libdrivers__serial.a(uart_nrfx_uarte.c.obj)
 .text.uarte_nrfx_config_get
                0x0000000000005c82       0x12 zephyr/drivers/serial/libdrivers__serial.a(uart_nrfx_uarte.c.obj)
 .text.uarte_nrfx_err_check
                0x0000000000005c94        0xe zephyr/drivers/serial/libdrivers__serial.a(uart_nrfx_uarte.c.obj)
 .text.is_tx_ready
                0x0000000000005ca2       0x28 zephyr/drivers/serial/libdrivers__serial.a(uart_nrfx_uarte.c.obj)
 .text.uarte_enable
                0x0000000000005cca        0xc zephyr/drivers/serial/libdrivers__serial.a(uart_nrfx_uarte.c.obj)
 .text.tx_start
                0x0000000000005cd6       0x3e zephyr/drivers/serial/libdrivers__serial.a(uart_nrfx_uarte.c.obj)
 .text.uarte_nrfx_poll_in
                0x0000000000005d14       0x2a zephyr/drivers/serial/libdrivers__serial.a(uart_nrfx_uarte.c.obj)
 .text.wait_tx_ready
                0x0000000000005d3e       0x4e zephyr/drivers/serial/libdrivers__serial.a(uart_nrfx_uarte.c.obj)
 .text.uarte_instance_init
                0x0000000000005d8c       0xc2 zephyr/drivers/serial/libdrivers__serial.a(uart_nrfx_uarte.c.obj)
 .text.uarte_0_init
                0x0000000000005e4e       0x1e zephyr/drivers/serial/libdrivers__serial.a(uart_nrfx_uarte.c.obj)
 .text.sys_clock_idle_exit
                0x0000000000005e6c        0x2 zephyr/drivers/timer/libdrivers__timer.a(sys_clock_init.c.obj)
                0x0000000000005e6c                sys_clock_idle_exit
 .text.counter_sub
                0x0000000000005e6e        0x8 zephyr/drivers/timer/libdrivers__timer.a(nrf_rtc_timer.c.obj)
 .text.event_clear
                0x0000000000005e76       0x18 zephyr/drivers/timer/libdrivers__timer.a(nrf_rtc_timer.c.obj)
 .text.absolute_time_to_cc
                0x0000000000005e8e        0x6 zephyr/drivers/timer/libdrivers__timer.a(nrf_rtc_timer.c.obj)
 .text.full_int_lock
                0x0000000000005e94       0x12 zephyr/drivers/timer/libdrivers__timer.a(nrf_rtc_timer.c.obj)
 .text.full_int_unlock
                0x0000000000005ea6        0xa zephyr/drivers/timer/libdrivers__timer.a(nrf_rtc_timer.c.obj)
 .text.set_absolute_alarm
                0x0000000000005eb0       0x76 zephyr/drivers/timer/libdrivers__timer.a(nrf_rtc_timer.c.obj)
 .text.compare_set
                0x0000000000005f26       0x32 zephyr/drivers/timer/libdrivers__timer.a(nrf_rtc_timer.c.obj)
 .text.pinctrl_lookup_state
                0x0000000000005f58       0x34 zephyr/drivers/pinctrl/libdrivers__pinctrl.a(common.c.obj)
                0x0000000000005f58                pinctrl_lookup_state
 .text.k_sys_fatal_error_handler
                0x0000000000005f8c        0x8 modules/nrf/lib/fatal_error/lib..__nrf__lib__fatal_error.a(fatal_error.c.obj)
                0x0000000000005f8c                k_sys_fatal_error_handler
 .text.hw_cc3xx_init_internal
                0x0000000000005f94        0x8 modules/nrf/drivers/hw_cc310/lib..__nrf__drivers__hw_cc310.a(hw_cc310.c.obj)
 .text.hw_cc3xx_init
                0x0000000000005f9c       0x14 modules/nrf/drivers/hw_cc310/lib..__nrf__drivers__hw_cc310.a(hw_cc310.c.obj)
 .text.nrf53_errata_42
                0x0000000000005fb0       0x28 modules/hal_nordic/nrfx/libmodules__hal_nordic__nrfx.a(system_nrf5340_application.c.obj)
 .text.nrf53_errata_46
                0x0000000000005fd8       0x30 modules/hal_nordic/nrfx/libmodules__hal_nordic__nrfx.a(system_nrf5340_application.c.obj)
 .text.nrf53_errata_49
                0x0000000000006008       0x28 modules/hal_nordic/nrfx/libmodules__hal_nordic__nrfx.a(system_nrf5340_application.c.obj)
 .text.nrf53_errata_55
                0x0000000000006030       0x18 modules/hal_nordic/nrfx/libmodules__hal_nordic__nrfx.a(system_nrf5340_application.c.obj)
 .text.nrf53_errata_64
                0x0000000000006048       0x28 modules/hal_nordic/nrfx/libmodules__hal_nordic__nrfx.a(system_nrf5340_application.c.obj)
 .text.nrf53_errata_69
                0x0000000000006070       0x28 modules/hal_nordic/nrfx/libmodules__hal_nordic__nrfx.a(system_nrf5340_application.c.obj)
 .text.nrf53_errata_97
                0x0000000000006098       0x28 modules/hal_nordic/nrfx/libmodules__hal_nordic__nrfx.a(system_nrf5340_application.c.obj)
 .text.nrfx_isr
                0x00000000000060c0        0x6 modules/hal_nordic/nrfx/libmodules__hal_nordic__nrfx.a(nrfx_glue.c.obj)
                0x00000000000060c0                nrfx_isr
 .text.nrfx_busy_wait
                0x00000000000060c6        0x8 modules/hal_nordic/nrfx/libmodules__hal_nordic__nrfx.a(nrfx_glue.c.obj)
                0x00000000000060c6                nrfx_busy_wait
 .text.clock_initial_lfclksrc_get
                0x00000000000060ce        0x4 modules/hal_nordic/nrfx/libmodules__hal_nordic__nrfx.a(nrfx_clock.c.obj)
 .text.clock_lfclksrc_tweak
                0x00000000000060d2       0x2a modules/hal_nordic/nrfx/libmodules__hal_nordic__nrfx.a(nrfx_clock.c.obj)
 .text.nrfx_clock_enable
                0x00000000000060fc       0x2a modules/hal_nordic/nrfx/libmodules__hal_nordic__nrfx.a(nrfx_clock.c.obj)
                0x00000000000060fc                nrfx_clock_enable
 .text.nrfx_clock_start
                0x0000000000006126       0xea modules/hal_nordic/nrfx/libmodules__hal_nordic__nrfx.a(nrfx_clock.c.obj)
                0x0000000000006126                nrfx_clock_start
 .text.nrfx_clock_stop
                0x0000000000006210        0x8 modules/hal_nordic/nrfx/libmodules__hal_nordic__nrfx.a(nrfx_clock.c.obj)
                0x0000000000006210                nrfx_clock_stop
 .text.pin_is_task_output
                0x0000000000006218       0x1e modules/hal_nordic/nrfx/libmodules__hal_nordic__nrfx.a(nrfx_gpiote.c.obj)
 .text.pin_is_input
                0x0000000000006236        0xe modules/hal_nordic/nrfx/libmodules__hal_nordic__nrfx.a(nrfx_gpiote.c.obj)
 .text.gpiote_polarity_to_trigger
                0x0000000000006244        0x2 modules/hal_nordic/nrfx/libmodules__hal_nordic__nrfx.a(nrfx_gpiote.c.obj)
 .text.gpiote_trigger_to_polarity
                0x0000000000006246        0x2 modules/hal_nordic/nrfx/libmodules__hal_nordic__nrfx.a(nrfx_gpiote.c.obj)
 .text.is_level
                0x0000000000006248        0xa modules/hal_nordic/nrfx/libmodules__hal_nordic__nrfx.a(nrfx_gpiote.c.obj)
 .text.z_device_is_ready
                0x0000000000006252       0x1a zephyr/kernel/libkernel.a(device.c.obj)
                0x0000000000006252                z_device_is_ready
 .text.z_fatal_error
                0x000000000000626c       0x34 zephyr/kernel/libkernel.a(fatal.c.obj)
                0x000000000000626c                z_fatal_error
 .text.z_early_memset
                0x00000000000062a0        0x8 zephyr/kernel/libkernel.a(init.c.obj)
                0x00000000000062a0                z_early_memset
 .text.z_early_memcpy
                0x00000000000062a8        0x8 zephyr/kernel/libkernel.a(init.c.obj)
                0x00000000000062a8                z_early_memcpy
 .text.create_free_list
                0x00000000000062b0       0x2e zephyr/kernel/libkernel.a(mem_slab.c.obj)
 .text.k_mem_slab_init
                0x00000000000062de       0x1c zephyr/kernel/libkernel.a(mem_slab.c.obj)
                0x00000000000062de                k_mem_slab_init
 .text.k_mem_slab_free
                0x00000000000062fa       0x58 zephyr/kernel/libkernel.a(mem_slab.c.obj)
                0x00000000000062fa                k_mem_slab_free
 .text.setup_thread_stack
                0x0000000000006352       0x18 zephyr/kernel/libkernel.a(thread.c.obj)
 .text.k_is_in_isr
                0x000000000000636a        0xc zephyr/kernel/libkernel.a(thread.c.obj)
                0x000000000000636a                k_is_in_isr
 .text.z_impl_k_thread_start
                0x0000000000006376        0x8 zephyr/kernel/libkernel.a(thread.c.obj)
                0x0000000000006376                z_impl_k_thread_start
 .text.z_init_thread_base
                0x000000000000637e       0x16 zephyr/kernel/libkernel.a(thread.c.obj)
                0x000000000000637e                z_init_thread_base
 .text.z_pm_save_idle_exit
                0x0000000000006394        0xc zephyr/kernel/libkernel.a(idle.c.obj)
                0x0000000000006394                z_pm_save_idle_exit
 .text.new_prio_for_inheritance
                0x00000000000063a0       0x16 zephyr/kernel/libkernel.a(mutex.c.obj)
 .text.adjust_owner_prio
                0x00000000000063b6       0x16 zephyr/kernel/libkernel.a(mutex.c.obj)
 .text.z_impl_k_mutex_init
                0x00000000000063cc        0xe zephyr/kernel/libkernel.a(mutex.c.obj)
                0x00000000000063cc                z_impl_k_mutex_init
 .text.thread_active_elsewhere
                0x00000000000063da        0x4 zephyr/kernel/libkernel.a(sched.c.obj)
 .text.pended_on_thread
                0x00000000000063de        0x4 zephyr/kernel/libkernel.a(sched.c.obj)
 .text.z_sched_prio_cmp
                0x00000000000063e2       0x14 zephyr/kernel/libkernel.a(sched.c.obj)
                0x00000000000063e2                z_sched_prio_cmp
 .text.z_reschedule_irqlock
                0x00000000000063f6       0x2a zephyr/kernel/libkernel.a(sched.c.obj)
                0x00000000000063f6                z_reschedule_irqlock
 .text.z_priq_dumb_remove
                0x0000000000006420       0x10 zephyr/kernel/libkernel.a(sched.c.obj)
                0x0000000000006420                z_priq_dumb_remove
 .text.z_priq_dumb_best
                0x0000000000006430        0xe zephyr/kernel/libkernel.a(sched.c.obj)
                0x0000000000006430                z_priq_dumb_best
 .text.z_ready_thread
                0x000000000000643e       0x38 zephyr/kernel/libkernel.a(sched.c.obj)
                0x000000000000643e                z_ready_thread
 .text.z_thread_timeout
                0x0000000000006476       0x70 zephyr/kernel/libkernel.a(sched.c.obj)
                0x0000000000006476                z_thread_timeout
 .text.add_to_waitq_locked
                0x00000000000064e6       0x54 zephyr/kernel/libkernel.a(sched.c.obj)
 .text.pend     0x000000000000653a       0x44 zephyr/kernel/libkernel.a(sched.c.obj)
 .text.z_unpend_first_thread
                0x000000000000657e       0x56 zephyr/kernel/libkernel.a(sched.c.obj)
                0x000000000000657e                z_unpend_first_thread
 .text.init_ready_q
                0x00000000000065d4        0x8 zephyr/kernel/libkernel.a(sched.c.obj)
                0x00000000000065d4                init_ready_q
 .text.remove_timeout
                0x00000000000065dc       0x2e zephyr/kernel/libkernel.a(timeout.c.obj)
 .text.z_abort_timeout
                0x000000000000660a       0x3c zephyr/kernel/libkernel.a(timeout.c.obj)
                0x000000000000660a                z_abort_timeout
 .text.z_get_next_timeout_expiry
                0x0000000000006646       0x2e zephyr/kernel/libkernel.a(timeout.c.obj)
                0x0000000000006646                z_get_next_timeout_expiry
 .text.z_set_timeout_expiry
                0x0000000000006674       0x56 zephyr/kernel/libkernel.a(timeout.c.obj)
                0x0000000000006674                z_set_timeout_expiry
 .text.sys_clock_tick_get_32
                0x00000000000066ca        0x8 zephyr/kernel/libkernel.a(timeout.c.obj)
                0x00000000000066ca                sys_clock_tick_get_32
 .text.z_impl_k_busy_wait
                0x00000000000066d2        0xc zephyr/kernel/libkernel.a(timeout.c.obj)
                0x00000000000066d2                z_impl_k_busy_wait
 .text._OffsetAbsSyms
                0x00000000000066de        0x2 zephyr/CMakeFiles/offsets.dir/./arch/arm/core/offsets/offsets.c.obj
                0x00000000000066de                _OffsetAbsSyms
 *(SORT_BY_ALIGNMENT(.TEXT.*))
 .TEXT.z_arm_platform_init
                0x00000000000066e0        0x4 zephyr/libzephyr.a(soc_nrf_common.S.obj)
                0x00000000000066e0                z_arm_platform_init
 *(SORT_BY_ALIGNMENT(.gnu.linkonce.t.*))
 *(SORT_BY_ALIGNMENT(.glue_7t))
 .glue_7t       0x00000000000066e4        0x0 linker stubs
 *(SORT_BY_ALIGNMENT(.glue_7))
 .glue_7        0x00000000000066e4        0x0 linker stubs
 *(SORT_BY_ALIGNMENT(.vfp11_veneer))
 .vfp11_veneer  0x00000000000066e4        0x0 linker stubs
 *(SORT_BY_ALIGNMENT(.v4_bx))
 .v4_bx         0x00000000000066e4        0x0 linker stubs
                0x00000000000066e4                __text_region_end = .

.ARM.exidx      0x00000000000066e4        0x8
                0x00000000000066e4                __exidx_start = .
 *(SORT_BY_ALIGNMENT(.ARM.exidx*) SORT_BY_ALIGNMENT(gnu.linkonce.armexidx.*))
 .ARM.exidx     0x00000000000066e4        0x8 c:/ncs/toolchains/v2.0.2/opt/zephyr-sdk/arm-zephyr-eabi/bin/../lib/gcc/arm-zephyr-eabi/10.3.0/thumb/v8-m.main/nofp\libgcc.a(_udivmoddi4.o)
                0x00000000000066ec                __exidx_end = .
                0x00000000000066ec                __rodata_region_start = .

initlevel       0x00000000000066ec       0x50
                0x00000000000066ec                __init_start = .
                0x00000000000066ec                __init_PRE_KERNEL_1_start = .
 *(SORT_BY_NAME(SORT_BY_ALIGNMENT(.z_init_PRE_KERNEL_1[0-9]_*)))
 .z_init_PRE_KERNEL_10_
                0x00000000000066ec        0x8 zephyr/libzephyr.a(soc.c.obj)
 *(SORT_BY_NAME(SORT_BY_ALIGNMENT(.z_init_PRE_KERNEL_1[1-9][0-9]_*)))
 .z_init_PRE_KERNEL_130_
                0x00000000000066f4        0x8 zephyr/drivers/clock_control/libdrivers__clock_control.a(clock_control_nrf.c.obj)
 .z_init_PRE_KERNEL_130_
                0x00000000000066fc        0x8 zephyr/kernel/libkernel.a(mem_slab.c.obj)
 .z_init_PRE_KERNEL_140_
                0x0000000000006704       0x10 zephyr/drivers/gpio/libdrivers__gpio.a(gpio_nrfx.c.obj)
 .z_init_PRE_KERNEL_140_
                0x0000000000006714        0x8 modules/nrf/drivers/hw_cc310/lib..__nrf__drivers__hw_cc310.a(hw_cc310.c.obj)
 .z_init_PRE_KERNEL_155_
                0x000000000000671c        0x8 zephyr/drivers/serial/libdrivers__serial.a(uart_nrfx_uarte.c.obj)
 .z_init_PRE_KERNEL_160_
                0x0000000000006724        0x8 zephyr/drivers/console/libdrivers__console.a(uart_console.c.obj)
                0x000000000000672c                __init_PRE_KERNEL_2_start = .
 *(SORT_BY_NAME(SORT_BY_ALIGNMENT(.z_init_PRE_KERNEL_2[0-9]_*)))
 .z_init_PRE_KERNEL_20_
                0x000000000000672c        0x8 zephyr/drivers/timer/libdrivers__timer.a(nrf_rtc_timer.c.obj)
 *(SORT_BY_NAME(SORT_BY_ALIGNMENT(.z_init_PRE_KERNEL_2[1-9][0-9]_*)))
                0x0000000000006734                __init_POST_KERNEL_start = .
 *(SORT_BY_NAME(SORT_BY_ALIGNMENT(.z_init_POST_KERNEL[0-9]_*)))
 *(SORT_BY_NAME(SORT_BY_ALIGNMENT(.z_init_POST_KERNEL[1-9][0-9]_*)))
 .z_init_POST_KERNEL40_
                0x0000000000006734        0x8 modules/nrf/drivers/hw_cc310/lib..__nrf__drivers__hw_cc310.a(hw_cc310.c.obj)
                0x000000000000673c                __init_APPLICATION_start = .
 *(SORT_BY_NAME(SORT_BY_ALIGNMENT(.z_init_APPLICATION[0-9]_*)))
 *(SORT_BY_NAME(SORT_BY_ALIGNMENT(.z_init_APPLICATION[1-9][0-9]_*)))
                0x000000000000673c                __init_SMP_start = .
 *(SORT_BY_NAME(SORT_BY_ALIGNMENT(.z_init_SMP[0-9]_*)))
 *(SORT_BY_NAME(SORT_BY_ALIGNMENT(.z_init_SMP[1-9][0-9]_*)))
                0x000000000000673c                __init_end = .

devices         0x000000000000673c       0x60
                0x000000000000673c                __device_start = .
                0x000000000000673c                __device_PRE_KERNEL_1_start = .
 *(SORT_BY_NAME(SORT_BY_ALIGNMENT(.z_device_PRE_KERNEL_1[0-9]_*)))
 *(SORT_BY_NAME(SORT_BY_ALIGNMENT(.z_device_PRE_KERNEL_1[1-9][0-9]_*)))
 .z_device_PRE_KERNEL_130_
                0x000000000000673c       0x18 zephyr/drivers/clock_control/libdrivers__clock_control.a(clock_control_nrf.c.obj)
                0x000000000000673c                __device_dts_ord_78
 .z_device_PRE_KERNEL_140_
                0x0000000000006754       0x30 zephyr/drivers/gpio/libdrivers__gpio.a(gpio_nrfx.c.obj)
                0x0000000000006754                __device_dts_ord_29
                0x000000000000676c                __device_dts_ord_9
 .z_device_PRE_KERNEL_155_
                0x0000000000006784       0x18 zephyr/drivers/serial/libdrivers__serial.a(uart_nrfx_uarte.c.obj)
                0x0000000000006784                __device_dts_ord_118
                0x000000000000679c                __device_PRE_KERNEL_2_start = .
 *(SORT_BY_NAME(SORT_BY_ALIGNMENT(.z_device_PRE_KERNEL_2[0-9]_*)))
 *(SORT_BY_NAME(SORT_BY_ALIGNMENT(.z_device_PRE_KERNEL_2[1-9][0-9]_*)))
                0x000000000000679c                __device_POST_KERNEL_start = .
 *(SORT_BY_NAME(SORT_BY_ALIGNMENT(.z_device_POST_KERNEL[0-9]_*)))
 *(SORT_BY_NAME(SORT_BY_ALIGNMENT(.z_device_POST_KERNEL[1-9][0-9]_*)))
                0x000000000000679c                __device_APPLICATION_start = .
 *(SORT_BY_NAME(SORT_BY_ALIGNMENT(.z_device_APPLICATION[0-9]_*)))
 *(SORT_BY_NAME(SORT_BY_ALIGNMENT(.z_device_APPLICATION[1-9][0-9]_*)))
                0x000000000000679c                __device_SMP_start = .
 *(SORT_BY_NAME(SORT_BY_ALIGNMENT(.z_device_SMP[0-9]_*)))
 *(SORT_BY_NAME(SORT_BY_ALIGNMENT(.z_device_SMP[1-9][0-9]_*)))
                0x000000000000679c                __device_end = .

sw_isr_table    0x000000000000679c      0x228
                0x000000000000679c                . = ALIGN (0x0)
 *(SORT_BY_ALIGNMENT(.gnu.linkonce.sw_isr_table*))
 .gnu.linkonce.sw_isr_table
                0x000000000000679c      0x228 zephyr/arch/common/libisr_tables.a(isr_tables.c.obj)
                0x000000000000679c                _sw_isr_table

initlevel_error
                0x00000000000066ec        0x0
 *(SORT_BY_NAME(SORT_BY_ALIGNMENT(.z_init_[_A-Z0-9]*)))
                0x0000000000000001                ASSERT ((SIZEOF (initlevel_error) == 0x0), Undefined initialization levels used.)

app_shmem_regions
                0x00000000000069c4        0x0
                0x00000000000069c4                __app_shmem_regions_start = .
 *(SORT_BY_NAME(SORT_BY_ALIGNMENT(.app_regions.*)))
                0x00000000000069c4                __app_shmem_regions_end = .

bt_l2cap_fixed_chan_area
                0x00000000000069c4        0x0
                0x00000000000069c4                _bt_l2cap_fixed_chan_list_start = .
 *(SORT_BY_NAME(SORT_BY_ALIGNMENT(._bt_l2cap_fixed_chan.static.*)))
                0x00000000000069c4                _bt_l2cap_fixed_chan_list_end = .

bt_gatt_service_static_area
                0x00000000000069c4        0x0
                0x00000000000069c4                _bt_gatt_service_static_list_start = .
 *(SORT_BY_NAME(SORT_BY_ALIGNMENT(._bt_gatt_service_static.static.*)))
                0x00000000000069c4                _bt_gatt_service_static_list_end = .

k_p4wq_initparam_area
                0x00000000000069c4        0x0
                0x00000000000069c4                _k_p4wq_initparam_list_start = .
 *(SORT_BY_NAME(SORT_BY_ALIGNMENT(._k_p4wq_initparam.static.*)))
                0x00000000000069c4                _k_p4wq_initparam_list_end = .

log_strings_sections
                0x00000000000069c4        0x0
                0x00000000000069c4                __log_strings_start = .
 *(SORT_BY_NAME(SORT_BY_ALIGNMENT(.log_strings*)))
                0x00000000000069c4                __log_strings_end = .

log_const_sections
                0x00000000000069c4        0x0
                0x00000000000069c4                __log_const_start = .
 *(SORT_BY_NAME(SORT_BY_ALIGNMENT(.log_const_*)))
                0x00000000000069c4                __log_const_end = .

log_backends_sections
                0x00000000000069c4        0x0
                0x00000000000069c4                __log_backends_start = .
 *(SORT_BY_ALIGNMENT(._log_backend.*))
                0x00000000000069c4                __log_backends_end = .

shell_area      0x00000000000069c4        0x0
                0x00000000000069c4                _shell_list_start = .
 *(SORT_BY_NAME(SORT_BY_ALIGNMENT(._shell.static.*)))
                0x00000000000069c4                _shell_list_end = .

shell_root_cmds_sections
                0x00000000000069c4        0x0
                0x00000000000069c4                __shell_root_cmds_start = .
 *(SORT_BY_NAME(SORT_BY_ALIGNMENT(.shell_root_cmd_*)))
                0x00000000000069c4                __shell_root_cmds_end = .

font_entry_sections
                0x00000000000069c4        0x0
                0x00000000000069c4                __font_entry_start = .
 *(SORT_BY_NAME(SORT_BY_ALIGNMENT(._cfb_font.*)))
                0x00000000000069c4                __font_entry_end = .

tracing_backend_area
                0x00000000000069c4        0x0
                0x00000000000069c4                _tracing_backend_list_start = .
 *(SORT_BY_NAME(SORT_BY_ALIGNMENT(._tracing_backend.static.*)))
                0x00000000000069c4                _tracing_backend_list_end = .

zephyr_dbg_info
                0x00000000000069c4       0x3c
 *(SORT_BY_ALIGNMENT(.dbg_thread_info))
 .dbg_thread_info
                0x00000000000069c4       0x3c zephyr/libzephyr.a(thread_info.c.obj)
                0x00000000000069c4                _kernel_openocd_size_t_size
                0x00000000000069c4                _kernel_thread_info_size_t_size
                0x00000000000069c8                _kernel_openocd_num_offsets
                0x00000000000069c8                _kernel_thread_info_num_offsets
                0x00000000000069cc                _kernel_openocd_offsets
                0x00000000000069cc                _kernel_thread_info_offsets

device_handles  0x0000000000006a00       0x3e
                0x0000000000006a00                __device_handles_start = .
 *(SORT_BY_NAME(SORT_BY_ALIGNMENT(.__device_handles_pass1*)))
 .__device_handles_pass1
                0x0000000000006a00        0xa zephyr/drivers/clock_control/libdrivers__clock_control.a(clock_control_nrf.c.obj)
                0x0000000000006a00                __devicehdl_DT_N_S_soc_S_peripheral_50000000_S_clock_5000
 .__device_handles_pass1
                0x0000000000006a0a       0x26 zephyr/drivers/gpio/libdrivers__gpio.a(gpio_nrfx.c.obj)
                0x0000000000006a0a                __devicehdl_DT_N_S_soc_S_peripheral_50000000_S_gpio_842800
                0x0000000000006a16                __devicehdl_DT_N_S_soc_S_peripheral_50000000_S_gpio_842500
 .__device_handles_pass1
                0x0000000000006a30        0xe zephyr/drivers/serial/libdrivers__serial.a(uart_nrfx_uarte.c.obj)
                0x0000000000006a30                __devicehdl_DT_N_S_soc_S_peripheral_50000000_S_uart_8000
                0x0000000000006a3e                __device_handles_end = .

rodata          0x0000000000006a40      0x2f0
 *(SORT_BY_ALIGNMENT(.rodata))
 .rodata        0x0000000000006a40        0x8 modules/hal_nordic/nrfx/libmodules__hal_nordic__nrfx.a(nrfx_gpiote.c.obj)
 *(SORT_BY_ALIGNMENT(.rodata.*))
 *fill*         0x0000000000006a48        0x8 
 .rodata.delay_machine_code.0
                0x0000000000006a50        0x6 zephyr/libzephyr.a(soc.c.obj)
 *fill*         0x0000000000006a56        0x2 
 .rodata.cbvprintf.str1.4
                0x0000000000006a58        0x6 zephyr/libzephyr.a(cbprintf_complete.c.obj)
 *fill*         0x0000000000006a5e        0x2 
 .rodata.sys_reboot.str1.4
                0x0000000000006a60       0x29 zephyr/libzephyr.a(reboot.c.obj)
 *fill*         0x0000000000006a89        0x3 
 .rodata.pmstates_DT_N_S_cpus_S_cpu_0
                0x0000000000006a8c        0x0 zephyr/libzephyr.a(state.c.obj)
 .rodata.apis   0x0000000000006a8c        0x8 zephyr/libzephyr.a(nrf_cc3xx_platform_abort_zephyr.c.obj)
 .rodata.mutex_free_platform.str1.4
                0x0000000000006a94       0x26 zephyr/libzephyr.a(nrf_cc3xx_platform_mutex_zephyr.c.obj)
 *fill*         0x0000000000006aba        0x2 
 .rodata.mutex_init_platform.str1.4
                0x0000000000006abc       0x2d zephyr/libzephyr.a(nrf_cc3xx_platform_mutex_zephyr.c.obj)
 *fill*         0x0000000000006ae9        0x3 
 .rodata.mutex_apis
                0x0000000000006aec       0x10 zephyr/libzephyr.a(nrf_cc3xx_platform_mutex_zephyr.c.obj)
 .rodata.mutexes
                0x0000000000006afc       0x14 zephyr/libzephyr.a(nrf_cc3xx_platform_mutex_zephyr.c.obj)
 .rodata.static_regions
                0x0000000000006b10        0xc zephyr/arch/arch/arm/core/aarch32/mpu/libarch__arm__core__aarch32__mpu.a(arm_core_mpu.c.obj)
 .rodata.str1.4
                0x0000000000006b1c        0xf zephyr/soc/arm/common/cortex_m/libsoc__arm__common__cortex_m.a(arm_mpu_regions.c.obj)
 *fill*         0x0000000000006b2b        0x1 
 .rodata.mpu_config
                0x0000000000006b2c        0x8 zephyr/soc/arm/common/cortex_m/libsoc__arm__common__cortex_m.a(arm_mpu_regions.c.obj)
                0x0000000000006b2c                mpu_config
 .rodata.mpu_regions
                0x0000000000006b34       0x20 zephyr/soc/arm/common/cortex_m/libsoc__arm__common__cortex_m.a(arm_mpu_regions.c.obj)
 .rodata.str1.4
                0x0000000000006b54        0x6 zephyr/drivers/clock_control/libdrivers__clock_control.a(clock_control_nrf.c.obj)
 *fill*         0x0000000000006b5a        0x2 
 .rodata.clock_control_api
                0x0000000000006b5c       0x18 zephyr/drivers/clock_control/libdrivers__clock_control.a(clock_control_nrf.c.obj)
 .rodata.config
                0x0000000000006b74       0x20 zephyr/drivers/clock_control/libdrivers__clock_control.a(clock_control_nrf.c.obj)
 .rodata.transitions.0
                0x0000000000006b94        0xc zephyr/drivers/clock_control/libdrivers__clock_control.a(clock_control_nrf.c.obj)
 .rodata.str1.4
                0x0000000000006ba0        0xf zephyr/drivers/gpio/libdrivers__gpio.a(gpio_nrfx.c.obj)
 *fill*         0x0000000000006baf        0x1 
 .rodata.gpio_nrfx_drv_api_funcs
                0x0000000000006bb0       0x24 zephyr/drivers/gpio/libdrivers__gpio.a(gpio_nrfx.c.obj)
 .rodata.gpio_nrfx_p0_cfg
                0x0000000000006bd4       0x10 zephyr/drivers/gpio/libdrivers__gpio.a(gpio_nrfx.c.obj)
 .rodata.gpio_nrfx_p1_cfg
                0x0000000000006be4       0x10 zephyr/drivers/gpio/libdrivers__gpio.a(gpio_nrfx.c.obj)
 .rodata.str1.4
                0x0000000000006bf4        0x7 zephyr/drivers/serial/libdrivers__serial.a(uart_nrfx_uarte.c.obj)
 *fill*         0x0000000000006bfb        0x1 
 .rodata.__pinctrl_dev_config__device_dts_ord_118
                0x0000000000006bfc        0xc zephyr/drivers/serial/libdrivers__serial.a(uart_nrfx_uarte.c.obj)
 .rodata.__pinctrl_state_pins_0__device_dts_ord_118
                0x0000000000006c08       0x10 zephyr/drivers/serial/libdrivers__serial.a(uart_nrfx_uarte.c.obj)
 .rodata.__pinctrl_states__device_dts_ord_118
                0x0000000000006c18        0x8 zephyr/drivers/serial/libdrivers__serial.a(uart_nrfx_uarte.c.obj)
 .rodata.uart_nrfx_uarte_driver_api
                0x0000000000006c20       0x14 zephyr/drivers/serial/libdrivers__serial.a(uart_nrfx_uarte.c.obj)
 .rodata.uarte_0z_config
                0x0000000000006c34       0x10 zephyr/drivers/serial/libdrivers__serial.a(uart_nrfx_uarte.c.obj)
 .rodata.levels.0
                0x0000000000006c44       0x14 zephyr/kernel/libkernel.a(device.c.obj)
 .rodata._k_neg_eagain
                0x0000000000006c58        0x4 zephyr/kernel/libkernel.a(errno.c.obj)
                0x0000000000006c58                _k_neg_eagain
 .rodata.init_idle_thread.str1.4
                0x0000000000006c5c        0x5 zephyr/kernel/libkernel.a(init.c.obj)
 *fill*         0x0000000000006c61        0x3 
 .rodata.prepare_multithreading.str1.4
                0x0000000000006c64        0x5 zephyr/kernel/libkernel.a(init.c.obj)
 *fill*         0x0000000000006c69        0x3 
 .rodata.boot_banner.str1.4
                0x0000000000006c6c       0x37 zephyr/kernel/libkernel.a(banner.c.obj)
                                         0x3b (size before relaxing)
 *fill*         0x0000000000006ca3        0x1 
 .rodata.CSWTCH.12
                0x0000000000006ca4       0x20 C:/ncs/v2.0.2/nrfxlib/crypto/nrf_cc312_platform/lib/cortex-m33/soft-float/no-interrupts/libnrf_cc312_platform_0.9.14.a(nrf_cc3xx_platform.c.obj)
 .rodata.mutex_free.str1.4
                0x0000000000006cc4       0x26 C:/ncs/v2.0.2/nrfxlib/crypto/nrf_cc312_platform/lib/cortex-m33/soft-float/no-interrupts/libnrf_cc312_platform_0.9.14.a(nrf_cc3xx_platform_mutex.c.obj)
 *fill*         0x0000000000006cea        0x2 
 .rodata.mutex_init.str1.4
                0x0000000000006cec       0x23 C:/ncs/v2.0.2/nrfxlib/crypto/nrf_cc312_platform/lib/cortex-m33/soft-float/no-interrupts/libnrf_cc312_platform_0.9.14.a(nrf_cc3xx_platform_mutex.c.obj)
 *fill*         0x0000000000006d0f        0x1 
 .rodata.CC_PalPowerSaveModeInit.str1.4
                0x0000000000006d10       0x20 C:/ncs/v2.0.2/nrfxlib/crypto/nrf_cc312_platform/lib/cortex-m33/soft-float/no-interrupts/libnrf_cc312_platform_0.9.14.a(cc_pal_pm.c.obj)
 *(SORT_BY_ALIGNMENT(.gnu.linkonce.r.*))
                0x0000000000006d30                . = ALIGN (0x4)
                0x0000000000006d30                __rodata_region_end = .
                0x0000000000006d40                . = ALIGN (_region_min_align)
                0x0000000000006d40                __rom_region_end = .
                0x0000000020000000                . = 0x20000000
                0x0000000020000000                . = ALIGN (_region_min_align)
                0x0000000020000000                _image_ram_start = .

.ramfunc        0x0000000020000000        0x0 load address 0x0000000000006d30
                0x0000000020000000                . = ALIGN (_region_min_align)
                0x0000000020000000                __ramfunc_start = .
 *(SORT_BY_ALIGNMENT(.ramfunc))
 *(SORT_BY_ALIGNMENT(.ramfunc.*))
                0x0000000020000000                . = ALIGN (_region_min_align)
                0x0000000020000000                __ramfunc_end = .
                0x0000000000000000                __ramfunc_size = (__ramfunc_end - __ramfunc_start)
                0x0000000000006d30                __ramfunc_load_start = LOADADDR (.ramfunc)

datas           0x0000000020000000      0x12c load address 0x0000000000006d30
                0x0000000020000000                __data_region_start = .
                0x0000000020000000                __data_start = .
 *(SORT_BY_ALIGNMENT(.data))
 *(SORT_BY_ALIGNMENT(.data.*))
 .data._char_out
                0x0000000020000000        0x4 zephyr/libzephyr.a(printk.c.obj)
                0x0000000020000000                _char_out
 .data.max_latency_ticks
                0x0000000020000004        0x4 zephyr/libzephyr.a(policy.c.obj)
 .data.asym_mutex
                0x0000000020000008        0x8 zephyr/libzephyr.a(nrf_cc3xx_platform_mutex_zephyr.c.obj)
 .data.power_mutex
                0x0000000020000010        0x8 zephyr/libzephyr.a(nrf_cc3xx_platform_mutex_zephyr.c.obj)
 .data.rng_mutex
                0x0000000020000018        0x8 zephyr/libzephyr.a(nrf_cc3xx_platform_mutex_zephyr.c.obj)
 .data.sym_mutex
                0x0000000020000020        0x8 zephyr/libzephyr.a(nrf_cc3xx_platform_mutex_zephyr.c.obj)
 .data._stdout_hook
                0x0000000020000028        0x4 zephyr/lib/libc/minimal/liblib__libc__minimal.a(stdout_console.c.obj)
 .data.uarte_0_data
                0x000000002000002c       0x14 zephyr/drivers/serial/libdrivers__serial.a(uart_nrfx_uarte.c.obj)
 .data.SystemCoreClock
                0x0000000020000040        0x4 modules/hal_nordic/nrfx/libmodules__hal_nordic__nrfx.a(system_nrf5340_application.c.obj)
                0x0000000020000040                SystemCoreClock
 .data.m_allocated_channels
                0x0000000020000044        0x4 modules/hal_nordic/nrfx/libmodules__hal_nordic__nrfx.a(nrfx_dppi.c.obj)
 .data.m_cb     0x0000000020000048       0x7c modules/hal_nordic/nrfx/libmodules__hal_nordic__nrfx.a(nrfx_gpiote.c.obj)
 .data.timeout_list
                0x00000000200000c4        0x8 zephyr/kernel/libkernel.a(timeout.c.obj)
 .data.platform_abort_apis
                0x00000000200000cc        0x8 C:/ncs/v2.0.2/nrfxlib/crypto/nrf_cc312_platform/lib/cortex-m33/soft-float/no-interrupts/libnrf_cc312_platform_0.9.14.a(nrf_cc3xx_platform_abort.c.obj)
                0x00000000200000cc                platform_abort_apis
 .data.asym_mutex
                0x00000000200000d4        0x8 C:/ncs/v2.0.2/nrfxlib/crypto/nrf_cc312_platform/lib/cortex-m33/soft-float/no-interrupts/libnrf_cc312_platform_0.9.14.a(nrf_cc3xx_platform_mutex.c.obj)
 .data.platform_mutex_apis
                0x00000000200000dc       0x10 C:/ncs/v2.0.2/nrfxlib/crypto/nrf_cc312_platform/lib/cortex-m33/soft-float/no-interrupts/libnrf_cc312_platform_0.9.14.a(nrf_cc3xx_platform_mutex.c.obj)
                0x00000000200000dc                platform_mutex_apis
 .data.platform_mutexes
                0x00000000200000ec       0x14 C:/ncs/v2.0.2/nrfxlib/crypto/nrf_cc312_platform/lib/cortex-m33/soft-float/no-interrupts/libnrf_cc312_platform_0.9.14.a(nrf_cc3xx_platform_mutex.c.obj)
                0x00000000200000ec                platform_mutexes
 .data.power_mutex
                0x0000000020000100        0x8 C:/ncs/v2.0.2/nrfxlib/crypto/nrf_cc312_platform/lib/cortex-m33/soft-float/no-interrupts/libnrf_cc312_platform_0.9.14.a(nrf_cc3xx_platform_mutex.c.obj)
 .data.rng_mutex
                0x0000000020000108        0x8 C:/ncs/v2.0.2/nrfxlib/crypto/nrf_cc312_platform/lib/cortex-m33/soft-float/no-interrupts/libnrf_cc312_platform_0.9.14.a(nrf_cc3xx_platform_mutex.c.obj)
 .data.sym_mutex
                0x0000000020000110        0x8 C:/ncs/v2.0.2/nrfxlib/crypto/nrf_cc312_platform/lib/cortex-m33/soft-float/no-interrupts/libnrf_cc312_platform_0.9.14.a(nrf_cc3xx_platform_mutex.c.obj)
 .data.CCAsymCryptoMutex
                0x0000000020000118        0x4 C:/ncs/v2.0.2/nrfxlib/crypto/nrf_cc312_platform/lib/cortex-m33/soft-float/no-interrupts/libnrf_cc312_platform_0.9.14.a(cc_pal.c.obj)
                0x0000000020000118                CCAsymCryptoMutex
 .data.CCPowerMutex
                0x000000002000011c        0x4 C:/ncs/v2.0.2/nrfxlib/crypto/nrf_cc312_platform/lib/cortex-m33/soft-float/no-interrupts/libnrf_cc312_platform_0.9.14.a(cc_pal.c.obj)
                0x000000002000011c                CCPowerMutex
 .data.CCRndCryptoMutex
                0x0000000020000120        0x4 C:/ncs/v2.0.2/nrfxlib/crypto/nrf_cc312_platform/lib/cortex-m33/soft-float/no-interrupts/libnrf_cc312_platform_0.9.14.a(cc_pal.c.obj)
                0x0000000020000120                CCRndCryptoMutex
 .data.CCSymCryptoMutex
                0x0000000020000124        0x4 C:/ncs/v2.0.2/nrfxlib/crypto/nrf_cc312_platform/lib/cortex-m33/soft-float/no-interrupts/libnrf_cc312_platform_0.9.14.a(cc_pal.c.obj)
                0x0000000020000124                CCSymCryptoMutex
 .data.pCCRndCryptoMutex
                0x0000000020000128        0x4 C:/ncs/v2.0.2/nrfxlib/crypto/nrf_cc312_platform/lib/cortex-m33/soft-float/no-interrupts/libnrf_cc312_platform_0.9.14.a(cc_pal.c.obj)
                0x0000000020000128                pCCRndCryptoMutex
 *(SORT_BY_ALIGNMENT(.kernel.*))
                0x000000002000012c                __data_end = .
                0x000000000000012c                __data_size = (__data_end - __data_start)
                0x0000000000006d30                __data_load_start = LOADADDR (datas)
                0x0000000000006d30                __data_region_load_start = LOADADDR (datas)

device_states   0x000000002000012c       0x10 load address 0x0000000000006e5c
                0x000000002000012c                __device_states_start = .
 *(SORT_BY_ALIGNMENT(.z_devstate))
 .z_devstate    0x000000002000012c        0x4 zephyr/drivers/clock_control/libdrivers__clock_control.a(clock_control_nrf.c.obj)
 .z_devstate    0x0000000020000130        0x8 zephyr/drivers/gpio/libdrivers__gpio.a(gpio_nrfx.c.obj)
 .z_devstate    0x0000000020000138        0x4 zephyr/drivers/serial/libdrivers__serial.a(uart_nrfx_uarte.c.obj)
 *(SORT_BY_ALIGNMENT(.z_devstate.*))
                0x000000002000013c                __device_states_end = .

initshell       0x000000002000013c        0x0 load address 0x0000000000006e6c
                0x000000002000013c                __shell_module_start = .
 *(SORT_BY_ALIGNMENT(.shell_module_*))
                0x000000002000013c                __shell_module_end = .
                0x000000002000013c                __shell_cmd_start = .
 *(SORT_BY_ALIGNMENT(.shell_cmd_*))
                0x000000002000013c                __shell_cmd_end = .

log_dynamic_sections
                0x000000002000013c        0x0 load address 0x0000000000006e6c
                0x000000002000013c                __log_dynamic_start = .
 *(SORT_BY_NAME(SORT_BY_ALIGNMENT(.log_dynamic_*)))
                0x000000002000013c                __log_dynamic_end = .

_static_thread_data_area
                0x000000002000013c        0x0 load address 0x0000000000006e6c
                0x000000002000013c                __static_thread_data_list_start = .
 *(SORT_BY_NAME(SORT_BY_ALIGNMENT(.__static_thread_data.static.*)))
                0x000000002000013c                __static_thread_data_list_end = .

k_timer_area    0x000000002000013c        0x0 load address 0x0000000000006e6c
                0x000000002000013c                _k_timer_list_start = .
 *(SORT_BY_NAME(SORT_BY_ALIGNMENT(._k_timer.static.*)))
                0x000000002000013c                _k_timer_list_end = .

k_mem_slab_area
                0x000000002000013c        0x0 load address 0x0000000000006e6c
                0x000000002000013c                _k_mem_slab_list_start = .
 *(SORT_BY_NAME(SORT_BY_ALIGNMENT(._k_mem_slab.static.*)))
                0x000000002000013c                _k_mem_slab_list_end = .

k_mem_pool_area
                0x000000002000013c        0x0 load address 0x0000000000006e6c
                0x000000002000013c                _k_mem_pool_list_start = .
 *(SORT_BY_NAME(SORT_BY_ALIGNMENT(._k_mem_pool.static.*)))
                0x000000002000013c                _k_mem_pool_list_end = .

k_heap_area     0x000000002000013c        0x0 load address 0x0000000000006e6c
                0x000000002000013c                _k_heap_list_start = .
 *(SORT_BY_NAME(SORT_BY_ALIGNMENT(._k_heap.static.*)))
                0x000000002000013c                _k_heap_list_end = .

k_mutex_area    0x000000002000013c       0x50 load address 0x0000000000006e6c
                0x000000002000013c                _k_mutex_list_start = .
 *(SORT_BY_NAME(SORT_BY_ALIGNMENT(._k_mutex.static.*)))
 ._k_mutex.static.asym_mutex_int
                0x000000002000013c       0x14 zephyr/libzephyr.a(nrf_cc3xx_platform_mutex_zephyr.c.obj)
                0x000000002000013c                asym_mutex_int
 ._k_mutex.static.power_mutex_int
                0x0000000020000150       0x14 zephyr/libzephyr.a(nrf_cc3xx_platform_mutex_zephyr.c.obj)
                0x0000000020000150                power_mutex_int
 ._k_mutex.static.rng_mutex_int
                0x0000000020000164       0x14 zephyr/libzephyr.a(nrf_cc3xx_platform_mutex_zephyr.c.obj)
                0x0000000020000164                rng_mutex_int
 ._k_mutex.static.sym_mutex_int
                0x0000000020000178       0x14 zephyr/libzephyr.a(nrf_cc3xx_platform_mutex_zephyr.c.obj)
                0x0000000020000178                sym_mutex_int
                0x000000002000018c                _k_mutex_list_end = .

k_stack_area    0x000000002000018c        0x0 load address 0x0000000000006ebc
                0x000000002000018c                _k_stack_list_start = .
 *(SORT_BY_NAME(SORT_BY_ALIGNMENT(._k_stack.static.*)))
                0x000000002000018c                _k_stack_list_end = .

k_msgq_area     0x000000002000018c        0x0 load address 0x0000000000006ebc
                0x000000002000018c                _k_msgq_list_start = .
 *(SORT_BY_NAME(SORT_BY_ALIGNMENT(._k_msgq.static.*)))
                0x000000002000018c                _k_msgq_list_end = .

k_mbox_area     0x000000002000018c        0x0 load address 0x0000000000006ebc
                0x000000002000018c                _k_mbox_list_start = .
 *(SORT_BY_NAME(SORT_BY_ALIGNMENT(._k_mbox.static.*)))
                0x000000002000018c                _k_mbox_list_end = .

k_pipe_area     0x000000002000018c        0x0 load address 0x0000000000006ebc
                0x000000002000018c                _k_pipe_list_start = .
 *(SORT_BY_NAME(SORT_BY_ALIGNMENT(._k_pipe.static.*)))
                0x000000002000018c                _k_pipe_list_end = .

k_sem_area      0x000000002000018c        0x0 load address 0x0000000000006ebc
                0x000000002000018c                _k_sem_list_start = .
 *(SORT_BY_NAME(SORT_BY_ALIGNMENT(._k_sem.static.*)))
                0x000000002000018c                _k_sem_list_end = .

k_event_area    0x000000002000018c        0x0 load address 0x0000000000006ebc
                0x000000002000018c                _k_event_list_start = .
 *(SORT_BY_NAME(SORT_BY_ALIGNMENT(._k_event.static.*)))
                0x000000002000018c                _k_event_list_end = .

k_queue_area    0x000000002000018c        0x0 load address 0x0000000000006ebc
                0x000000002000018c                _k_queue_list_start = .
 *(SORT_BY_NAME(SORT_BY_ALIGNMENT(._k_queue.static.*)))
                0x000000002000018c                _k_queue_list_end = .

k_condvar_area  0x000000002000018c        0x0 load address 0x0000000000006ebc
                0x000000002000018c                _k_condvar_list_start = .
 *(SORT_BY_NAME(SORT_BY_ALIGNMENT(._k_condvar.static.*)))
                0x000000002000018c                _k_condvar_list_end = .

_net_buf_pool_area
                0x000000002000018c        0x0 load address 0x0000000000006ebc
                0x000000002000018c                _net_buf_pool_list = .
 *(SORT_BY_NAME(SORT_BY_ALIGNMENT(._net_buf_pool.static.*)))
                0x000000002000018c                __data_region_end = .

bss             0x0000000020000190      0x9ee
                0x0000000020000190                . = ALIGN (0x4)
                0x0000000020000190                __bss_start = .
                0x0000000020000190                __kernel_ram_start = .
 *(SORT_BY_ALIGNMENT(.bss))
 *(SORT_BY_ALIGNMENT(.bss.*))
 .bss.anchor    0x0000000020000190        0x8 zephyr/drivers/timer/libdrivers__timer.a(nrf_rtc_timer.c.obj)
 .bss.cc_data   0x0000000020000198       0x10 zephyr/drivers/timer/libdrivers__timer.a(nrf_rtc_timer.c.obj)
 .bss.last_count